2025-10-05 15:42:02,403 [INFO]    Workers: 11/12 (fonte: CPU_COUNT)
2025-10-07 18:34:37,038 [INFO]    Workers: 11/12 (fonte: CPU_COUNT)
2025-10-07 18:34:37,361 [ERROR] Tipo: TypeError
2025-10-07 18:34:37,361 [ERROR] Messaggio: optimize_parameters_parallel() got an unexpected keyword argument 'circuit_func'
2025-10-07 18:34:37,362 [ERROR]   Traceback (most recent call last):
2025-10-07 18:34:37,362 [ERROR]     File "C:\Users\Ale\Desktop\progetti\FIN - QT\hpc_quantum_training_BEAST_MODE.py", line 181, in main
2025-10-07 18:34:37,362 [ERROR]       train_with_beast_mode_parallelization(logger)
2025-10-07 18:34:37,363 [ERROR]       ~~~~~~~~~~~~~~~~~~~~~~~~~~~~~~~~~~~~~^^^^^^^^
2025-10-07 18:34:37,363 [ERROR]     File "C:\Users\Ale\Desktop\progetti\FIN - QT\hpc_quantum_training_BEAST_MODE.py", line 136, in train_with_beast_mode_parallelization
2025-10-07 18:34:37,363 [ERROR]                   best_params = optimize_parameters_parallel(
2025-10-07 18:34:37,363 [ERROR]                                 ~~~~~~~~~~~~~~~~~~~~~~~~~~~~^
2025-10-07 18:34:37,363 [ERROR]           params_correnti,
2025-10-07 18:34:37,364 [ERROR]           ^^^^^^^^^^^^^^^^
2025-10-07 18:34:37,364 [ERROR]       ...<9 lines>...
2025-10-07 18:34:37,364 [ERROR]           opt_maxfev=OPTIMIZATION_CONFIG.get('opt_maxfev', 50)
2025-10-07 18:34:37,364 [ERROR]           ^^^^^^^^^^^^^^^^^^^^^^^^^^^^^^^^^^^^^^^^^^^^^^^^^^^^
2025-10-07 18:34:37,364 [ERROR]       )
2025-10-07 18:34:37,364 [ERROR]       ^
2025-10-07 18:34:37,364 [ERROR]   TypeError: optimize_parameters_parallel() got an unexpected keyword argument 'circuit_func'
2025-10-07 18:35:30,246 [INFO]    Workers: 11/12 (fonte: CPU_COUNT)
2025-10-07 18:35:30,560 [INFO]    Workers: 11
2025-10-07 18:35:30,560 [INFO]    Parametri: 144
2025-10-07 18:35:30,561 [INFO]    Max iter: 300
2025-10-07 18:35:30,581 [ERROR] Tipo: ValueError
2025-10-07 18:35:30,581 [ERROR] Messaggio: Params.size: 12, required angles: 48.0
2025-10-07 18:35:30,583 [ERROR]   Traceback (most recent call last):
2025-10-07 18:35:30,583 [ERROR]     File "C:\Users\Ale\Desktop\progetti\FIN - QT\hpc_quantum_training_BEAST_MODE.py", line 180, in main
2025-10-07 18:35:30,583 [ERROR]       train_with_beast_mode_parallelization(logger)
2025-10-07 18:35:30,583 [ERROR]       ~~~~~~~~~~~~~~~~~~~~~~~~~~~~~~~~~~~~~^^^^^^^^
2025-10-07 18:35:30,583 [ERROR]     File "C:\Users\Ale\Desktop\progetti\FIN - QT\hpc_quantum_training_BEAST_MODE.py", line 136, in train_with_beast_mode_parallelization
2025-10-07 18:35:30,583 [ERROR]                   best_params = optimize_parameters_parallel(
2025-10-07 18:35:30,584 [ERROR]                                 ~~~~~~~~~~~~~~~~~~~~~~~~~~~~^
2025-10-07 18:35:30,584 [ERROR]           params_correnti,
2025-10-07 18:35:30,584 [ERROR]           ^^^^^^^^^^^^^^^^
2025-10-07 18:35:30,584 [ERROR]       ...<8 lines>...
2025-10-07 18:35:30,584 [ERROR]           opt_maxfev=OPTIMIZATION_CONFIG.get('opt_maxfev', 50)
2025-10-07 18:35:30,584 [ERROR]           ^^^^^^^^^^^^^^^^^^^^^^^^^^^^^^^^^^^^^^^^^^^^^^^^^^^^
2025-10-07 18:35:30,584 [ERROR]       )
2025-10-07 18:35:30,585 [ERROR]       ^
2025-10-07 18:35:30,585 [ERROR]     File "C:\Users\Ale\Desktop\progetti\FIN - QT\optimization.py", line 508, in optimize_parameters_parallel
2025-10-07 18:35:30,585 [ERROR]       current_loss = builder.create_generalized_circuit(
2025-10-07 18:35:30,585 [ERROR]               psi=states_calculated,
2025-10-07 18:35:30,585 [ERROR]       ...<4 lines>...
2025-10-07 18:35:30,585 [ERROR]               num_layers=num_layers
2025-10-07 18:35:30,585 [ERROR]           )
2025-10-07 18:35:30,586 [ERROR]     File "C:\Users\Ale\Desktop\progetti\FIN - QT\generalized_quantum_circuits.py", line 92, in create_generalized_circuit
2025-10-07 18:35:30,586 [ERROR]       ansatz_v = AnsatzBuilder(self.n_target_qubits, params_v, num_layers)
2025-10-07 18:35:30,586 [ERROR]     File "C:\Users\Ale\Desktop\progetti\FIN - QT\layer.py", line 27, in __init__
2025-10-07 18:35:30,586 [ERROR]       self.add_layer(params[layer_idx][0], params[layer_idx][1])
2025-10-07 18:35:30,586 [ERROR]       ~~~~~~~~~~~~~~^^^^^^^^^^^^^^^^^^^^^^^^^^^^^^^^^^^^^^^^^^^^
2025-10-07 18:35:30,587 [ERROR]     File "C:\Users\Ale\Desktop\progetti\FIN - QT\layer.py", line 52, in add_layer
2025-10-07 18:35:30,587 [ERROR]       raise ValueError(f"Params.size: {params.size}, required angles: {self.num_angles_required_for_layer() / 2}")
2025-10-07 18:35:30,587 [ERROR]   ValueError: Params.size: 12, required angles: 48.0
2025-10-07 18:35:45,203 [INFO]    Workers: 11/12 (fonte: CPU_COUNT)
2025-10-07 18:35:45,518 [INFO]    Workers: 11
2025-10-07 18:35:45,519 [INFO]    Parametri: 144
2025-10-07 18:35:45,519 [INFO]    Max iter: 300
2025-10-07 18:35:45,528 [ERROR] Tipo: ValueError
2025-10-07 18:35:45,528 [ERROR] Messaggio: Params.size: 12, required angles: 48.0
2025-10-07 18:35:45,530 [ERROR]   Traceback (most recent call last):
2025-10-07 18:35:45,530 [ERROR]     File "C:\Users\Ale\Desktop\progetti\FIN - QT\hpc_quantum_training_BEAST_MODE.py", line 180, in main
2025-10-07 18:35:45,530 [ERROR]       train_with_beast_mode_parallelization(logger)
2025-10-07 18:35:45,530 [ERROR]       ~~~~~~~~~~~~~~~~~~~~~~~~~~~~~~~~~~~~~^^^^^^^^
2025-10-07 18:35:45,530 [ERROR]     File "C:\Users\Ale\Desktop\progetti\FIN - QT\hpc_quantum_training_BEAST_MODE.py", line 136, in train_with_beast_mode_parallelization
2025-10-07 18:35:45,530 [ERROR]                   best_params = optimize_parameters_parallel(
2025-10-07 18:35:45,530 [ERROR]                                 ~~~~~~~~~~~~~~~~~~~~~~~~~~~~^
2025-10-07 18:35:45,531 [ERROR]           params_correnti,
2025-10-07 18:35:45,531 [ERROR]           ^^^^^^^^^^^^^^^^
2025-10-07 18:35:45,531 [ERROR]       ...<8 lines>...
2025-10-07 18:35:45,531 [ERROR]           opt_maxfev=OPTIMIZATION_CONFIG.get('opt_maxfev', 50)
2025-10-07 18:35:45,531 [ERROR]           ^^^^^^^^^^^^^^^^^^^^^^^^^^^^^^^^^^^^^^^^^^^^^^^^^^^^
2025-10-07 18:35:45,531 [ERROR]       )
2025-10-07 18:35:45,531 [ERROR]       ^
2025-10-07 18:35:45,531 [ERROR]     File "C:\Users\Ale\Desktop\progetti\FIN - QT\optimization.py", line 508, in optimize_parameters_parallel
2025-10-07 18:35:45,532 [ERROR]       current_loss = builder.create_generalized_circuit(
2025-10-07 18:35:45,532 [ERROR]               psi=states_calculated,
2025-10-07 18:35:45,532 [ERROR]       ...<4 lines>...
2025-10-07 18:35:45,532 [ERROR]               num_layers=num_layers
2025-10-07 18:35:45,532 [ERROR]           )
2025-10-07 18:35:45,532 [ERROR]     File "C:\Users\Ale\Desktop\progetti\FIN - QT\generalized_quantum_circuits.py", line 92, in create_generalized_circuit
2025-10-07 18:35:45,532 [ERROR]       ansatz_v = AnsatzBuilder(self.n_target_qubits, params_v, num_layers)
2025-10-07 18:35:45,532 [ERROR]     File "C:\Users\Ale\Desktop\progetti\FIN - QT\layer.py", line 27, in __init__
2025-10-07 18:35:45,533 [ERROR]       self.add_layer(params[layer_idx][0], params[layer_idx][1])
2025-10-07 18:35:45,533 [ERROR]       ~~~~~~~~~~~~~~^^^^^^^^^^^^^^^^^^^^^^^^^^^^^^^^^^^^^^^^^^^^
2025-10-07 18:35:45,533 [ERROR]     File "C:\Users\Ale\Desktop\progetti\FIN - QT\layer.py", line 52, in add_layer
2025-10-07 18:35:45,533 [ERROR]       raise ValueError(f"Params.size: {params.size}, required angles: {self.num_angles_required_for_layer() / 2}")
2025-10-07 18:35:45,533 [ERROR]   ValueError: Params.size: 12, required angles: 48.0
2025-10-07 21:40:26,355 [INFO]    Workers: 11/12 (fonte: CPU_COUNT)
2025-10-07 21:40:26,675 [ERROR] Tipo: AttributeError
2025-10-07 21:40:26,675 [ERROR] Messaggio: 'list' object has no attribute 'shape'
2025-10-07 21:40:26,676 [ERROR]   Traceback (most recent call last):
2025-10-07 21:40:26,676 [ERROR]     File "C:\Users\Ale\Desktop\progetti\FIN - QT\hpc_quantum_training_BEAST_MODE.py", line 210, in main
2025-10-07 21:40:26,676 [ERROR]       train_with_beast_mode_parallelization(logger)
2025-10-07 21:40:26,676 [ERROR]       ~~~~~~~~~~~~~~~~~~~~~~~~~~~~~~~~~~~~~^^^^^^^^
2025-10-07 21:40:26,676 [ERROR]     File "C:\Users\Ale\Desktop\progetti\FIN - QT\hpc_quantum_training_BEAST_MODE.py", line 128, in train_with_beast_mode_parallelization
2025-10-07 21:40:26,677 [ERROR]       current_dim = states_calculated.shape[0] if len(states_calculated.shape) > 0 else 0
2025-10-07 21:40:26,677 [ERROR]                                                       ^^^^^^^^^^^^^^^^^^^^^^^
2025-10-07 21:40:26,677 [ERROR]   AttributeError: 'list' object has no attribute 'shape'
2025-10-07 21:41:15,876 [INFO]    Workers: 11/12 (fonte: CPU_COUNT)
2025-10-07 21:41:16,193 [ERROR] Tipo: AttributeError
2025-10-07 21:41:16,193 [ERROR] Messaggio: 'list' object has no attribute 'shape'
2025-10-07 21:41:16,194 [ERROR]   Traceback (most recent call last):
2025-10-07 21:41:16,194 [ERROR]     File "C:\Users\Ale\Desktop\progetti\FIN - QT\hpc_quantum_training_BEAST_MODE.py", line 210, in main
2025-10-07 21:41:16,194 [ERROR]       train_with_beast_mode_parallelization(logger)
2025-10-07 21:41:16,195 [ERROR]       ~~~~~~~~~~~~~~~~~~~~~~~~~~~~~~~~~~~~~^^^^^^^^
2025-10-07 21:41:16,195 [ERROR]     File "C:\Users\Ale\Desktop\progetti\FIN - QT\hpc_quantum_training_BEAST_MODE.py", line 128, in train_with_beast_mode_parallelization
2025-10-07 21:41:16,195 [ERROR]       current_dim = states_calculated.shape[0] if len(states_calculated.shape) > 0 else 0
2025-10-07 21:41:16,195 [ERROR]                                                       ^^^^^^^^^^^^^^^^^^^^^^^
2025-10-07 21:41:16,195 [ERROR]   AttributeError: 'list' object has no attribute 'shape'
2025-10-07 21:41:44,549 [INFO]    Workers: 11/12 (fonte: CPU_COUNT)
2025-10-07 21:41:44,869 [ERROR] Tipo: ValueError
2025-10-07 21:41:44,870 [ERROR] Messaggio: could not broadcast input array from shape (2,256,256) into shape (2,2)
2025-10-07 21:41:44,870 [ERROR]   Traceback (most recent call last):
2025-10-07 21:41:44,870 [ERROR]     File "C:\Users\Ale\Desktop\progetti\FIN - QT\hpc_quantum_training_BEAST_MODE.py", line 221, in main
2025-10-07 21:41:44,871 [ERROR]       train_with_beast_mode_parallelization(logger)
2025-10-07 21:41:44,871 [ERROR]       ~~~~~~~~~~~~~~~~~~~~~~~~~~~~~~~~~~~~~^^^^^^^^
2025-10-07 21:41:44,871 [ERROR]     File "C:\Users\Ale\Desktop\progetti\FIN - QT\hpc_quantum_training_BEAST_MODE.py", line 147, in train_with_beast_mode_parallelization
2025-10-07 21:41:44,871 [ERROR]       psi_extended[:current_dim, :current_dim] = states_calculated
2025-10-07 21:41:44,871 [ERROR]       ~~~~~~~~~~~~^^^^^^^^^^^^^^^^^^^^^^^^^^^^
2025-10-07 21:41:44,872 [ERROR]   ValueError: could not broadcast input array from shape (2,256,256) into shape (2,2)
2025-10-07 21:42:22,696 [INFO]    Workers: 11/12 (fonte: CPU_COUNT)
2025-10-07 21:42:23,023 [INFO]    Workers: 11
2025-10-07 21:42:23,023 [INFO]    Parametri: 720
2025-10-07 21:42:23,023 [INFO]    Max iter: 300
2025-10-07 21:42:23,030 [ERROR] Tipo: ValueError
2025-10-07 21:42:23,030 [ERROR] Messaggio: cannot reshape array of size 360 into shape (3,2,1,4,3)
2025-10-07 21:42:23,031 [ERROR]   Traceback (most recent call last):
2025-10-07 21:42:23,032 [ERROR]     File "C:\Users\Ale\Desktop\progetti\FIN - QT\hpc_quantum_training_BEAST_MODE.py", line 227, in main
2025-10-07 21:42:23,032 [ERROR]       train_with_beast_mode_parallelization(logger)
2025-10-07 21:42:23,032 [ERROR]       ~~~~~~~~~~~~~~~~~~~~~~~~~~~~~~~~~~~~~^^^^^^^^
2025-10-07 21:42:23,032 [ERROR]     File "C:\Users\Ale\Desktop\progetti\FIN - QT\hpc_quantum_training_BEAST_MODE.py", line 183, in train_with_beast_mode_parallelization
2025-10-07 21:42:23,032 [ERROR]                   best_params = optimize_parameters_parallel(
2025-10-07 21:42:23,032 [ERROR]                                 ~~~~~~~~~~~~~~~~~~~~~~~~~~~~^
2025-10-07 21:42:23,033 [ERROR]           params_correnti,
2025-10-07 21:42:23,033 [ERROR]           ^^^^^^^^^^^^^^^^
2025-10-07 21:42:23,033 [ERROR]       ...<8 lines>...
2025-10-07 21:42:23,033 [ERROR]           opt_maxfev=OPTIMIZATION_CONFIG.get('opt_maxfev', 50)
2025-10-07 21:42:23,033 [ERROR]           ^^^^^^^^^^^^^^^^^^^^^^^^^^^^^^^^^^^^^^^^^^^^^^^^^^^^
2025-10-07 21:42:23,033 [ERROR]       )
2025-10-07 21:42:23,033 [ERROR]       ^
2025-10-07 21:42:23,034 [ERROR]     File "C:\Users\Ale\Desktop\progetti\FIN - QT\optimization.py", line 501, in optimize_parameters_parallel
2025-10-07 21:42:23,034 [ERROR]       pV = current_params[:n_params_single].reshape(param_shape)
2025-10-07 21:42:23,034 [ERROR]   ValueError: cannot reshape array of size 360 into shape (3,2,1,4,3)
2025-10-07 21:42:47,335 [INFO]    Workers: 11/12 (fonte: CPU_COUNT)
2025-10-07 21:42:47,697 [INFO]    Workers: 11
2025-10-07 21:42:47,697 [INFO]    Parametri: 720
2025-10-07 21:42:47,698 [INFO]    Max iter: 300
2025-10-07 21:42:47,707 [ERROR] Tipo: ValueError
2025-10-07 21:42:47,707 [ERROR] Messaggio: cannot reshape array of size 360 into shape (3,2,1,4,3)
2025-10-07 21:42:47,708 [ERROR]   Traceback (most recent call last):
2025-10-07 21:42:47,709 [ERROR]     File "C:\Users\Ale\Desktop\progetti\FIN - QT\hpc_quantum_training_BEAST_MODE.py", line 227, in main
2025-10-07 21:42:47,709 [ERROR]       train_with_beast_mode_parallelization(logger)
2025-10-07 21:42:47,709 [ERROR]       ~~~~~~~~~~~~~~~~~~~~~~~~~~~~~~~~~~~~~^^^^^^^^
2025-10-07 21:42:47,709 [ERROR]     File "C:\Users\Ale\Desktop\progetti\FIN - QT\hpc_quantum_training_BEAST_MODE.py", line 183, in train_with_beast_mode_parallelization
2025-10-07 21:42:47,709 [ERROR]                   best_params = optimize_parameters_parallel(
2025-10-07 21:42:47,710 [ERROR]                                 ~~~~~~~~~~~~~~~~~~~~~~~~~~~~^
2025-10-07 21:42:47,710 [ERROR]           params_correnti,
2025-10-07 21:42:47,710 [ERROR]           ^^^^^^^^^^^^^^^^
2025-10-07 21:42:47,710 [ERROR]       ...<8 lines>...
2025-10-07 21:42:47,710 [ERROR]           opt_maxfev=OPTIMIZATION_CONFIG.get('opt_maxfev', 50)
2025-10-07 21:42:47,710 [ERROR]           ^^^^^^^^^^^^^^^^^^^^^^^^^^^^^^^^^^^^^^^^^^^^^^^^^^^^
2025-10-07 21:42:47,710 [ERROR]       )
2025-10-07 21:42:47,710 [ERROR]       ^
2025-10-07 21:42:47,711 [ERROR]     File "C:\Users\Ale\Desktop\progetti\FIN - QT\optimization.py", line 501, in optimize_parameters_parallel
2025-10-07 21:42:47,711 [ERROR]       pV = current_params[:n_params_single].reshape(param_shape)
2025-10-07 21:42:47,711 [ERROR]   ValueError: cannot reshape array of size 360 into shape (3,2,1,4,3)
2025-10-07 21:43:32,993 [INFO]    Workers: 11/12 (fonte: CPU_COUNT)
2025-10-07 21:43:33,322 [INFO]    Workers: 11
2025-10-07 21:43:33,322 [INFO]    Parametri: 720
2025-10-07 21:43:33,322 [INFO]    Max iter: 300
2025-10-07 21:43:33,329 [ERROR] Tipo: ValueError
2025-10-07 21:43:33,329 [ERROR] Messaggio: cannot reshape array of size 360 into shape (3,2,1,4,3)
2025-10-07 21:43:33,330 [ERROR]   Traceback (most recent call last):
2025-10-07 21:43:33,330 [ERROR]     File "C:\Users\Ale\Desktop\progetti\FIN - QT\hpc_quantum_training_BEAST_MODE.py", line 227, in main
2025-10-07 21:43:33,330 [ERROR]       train_with_beast_mode_parallelization(logger)
2025-10-07 21:43:33,330 [ERROR]       ~~~~~~~~~~~~~~~~~~~~~~~~~~~~~~~~~~~~~^^^^^^^^
2025-10-07 21:43:33,330 [ERROR]     File "C:\Users\Ale\Desktop\progetti\FIN - QT\hpc_quantum_training_BEAST_MODE.py", line 183, in train_with_beast_mode_parallelization
2025-10-07 21:43:33,330 [ERROR]                   best_params = optimize_parameters_parallel(
2025-10-07 21:43:33,330 [ERROR]                                 ~~~~~~~~~~~~~~~~~~~~~~~~~~~~^
2025-10-07 21:43:33,331 [ERROR]           params_correnti,
2025-10-07 21:43:33,331 [ERROR]           ^^^^^^^^^^^^^^^^
2025-10-07 21:43:33,331 [ERROR]       ...<8 lines>...
2025-10-07 21:43:33,331 [ERROR]           opt_maxfev=OPTIMIZATION_CONFIG.get('opt_maxfev', 50)
2025-10-07 21:43:33,331 [ERROR]           ^^^^^^^^^^^^^^^^^^^^^^^^^^^^^^^^^^^^^^^^^^^^^^^^^^^^
2025-10-07 21:43:33,331 [ERROR]       )
2025-10-07 21:43:33,331 [ERROR]       ^
2025-10-07 21:43:33,332 [ERROR]     File "C:\Users\Ale\Desktop\progetti\FIN - QT\optimization.py", line 501, in optimize_parameters_parallel
2025-10-07 21:43:33,332 [ERROR]       pV = current_params[:n_params_single].reshape(param_shape)
2025-10-07 21:43:33,332 [ERROR]   ValueError: cannot reshape array of size 360 into shape (3,2,1,4,3)
2025-10-07 21:44:35,765 [INFO]    Workers: 11/12 (fonte: CPU_COUNT)
2025-10-07 21:44:36,077 [INFO]    Workers: 11
2025-10-07 21:44:36,077 [INFO]    Parametri: 720
2025-10-07 21:44:36,077 [INFO]    Max iter: 300
2025-10-07 21:44:36,084 [ERROR] Tipo: ValueError
2025-10-07 21:44:36,084 [ERROR] Messaggio: cannot reshape array of size 360 into shape (3,2,1,4,3)
2025-10-07 21:44:36,085 [ERROR]   Traceback (most recent call last):
2025-10-07 21:44:36,086 [ERROR]     File "C:\Users\Ale\Desktop\progetti\FIN - QT\hpc_quantum_training_BEAST_MODE.py", line 227, in main
2025-10-07 21:44:36,086 [ERROR]       train_with_beast_mode_parallelization(logger)
2025-10-07 21:44:36,086 [ERROR]       ~~~~~~~~~~~~~~~~~~~~~~~~~~~~~~~~~~~~~^^^^^^^^
2025-10-07 21:44:36,086 [ERROR]     File "C:\Users\Ale\Desktop\progetti\FIN - QT\hpc_quantum_training_BEAST_MODE.py", line 183, in train_with_beast_mode_parallelization
2025-10-07 21:44:36,086 [ERROR]                   best_params = optimize_parameters_parallel(
2025-10-07 21:44:36,086 [ERROR]                                 ~~~~~~~~~~~~~~~~~~~~~~~~~~~~^
2025-10-07 21:44:36,087 [ERROR]           params_correnti,
2025-10-07 21:44:36,087 [ERROR]           ^^^^^^^^^^^^^^^^
2025-10-07 21:44:36,087 [ERROR]       ...<8 lines>...
2025-10-07 21:44:36,087 [ERROR]           opt_maxfev=OPTIMIZATION_CONFIG.get('opt_maxfev', 50)
2025-10-07 21:44:36,087 [ERROR]           ^^^^^^^^^^^^^^^^^^^^^^^^^^^^^^^^^^^^^^^^^^^^^^^^^^^^
2025-10-07 21:44:36,087 [ERROR]       )
2025-10-07 21:44:36,088 [ERROR]       ^
2025-10-07 21:44:36,088 [ERROR]     File "C:\Users\Ale\Desktop\progetti\FIN - QT\optimization.py", line 503, in optimize_parameters_parallel
2025-10-07 21:44:36,088 [ERROR]       pV = current_params[:n_params_single].reshape(param_shape)
2025-10-07 21:44:36,088 [ERROR]   ValueError: cannot reshape array of size 360 into shape (3,2,1,4,3)
2025-10-07 21:46:21,379 [INFO]    Workers: 11/12 (fonte: CPU_COUNT)
2025-10-07 21:46:21,684 [INFO]    Workers: 11
2025-10-07 21:46:21,684 [INFO]    Parametri: 720
2025-10-07 21:46:21,684 [INFO]    Max iter: 300
2025-10-07 21:46:21,692 [ERROR] Tipo: ValueError
2025-10-07 21:46:21,692 [ERROR] Messaggio: cannot reshape array of size 360 into shape (3,2,3,4,3)
2025-10-07 21:46:21,693 [ERROR]   Traceback (most recent call last):
2025-10-07 21:46:21,693 [ERROR]     File "C:\Users\Ale\Desktop\progetti\FIN - QT\hpc_quantum_training_BEAST_MODE.py", line 227, in main
2025-10-07 21:46:21,693 [ERROR]       train_with_beast_mode_parallelization(logger)
2025-10-07 21:46:21,693 [ERROR]       ~~~~~~~~~~~~~~~~~~~~~~~~~~~~~~~~~~~~~^^^^^^^^
2025-10-07 21:46:21,694 [ERROR]     File "C:\Users\Ale\Desktop\progetti\FIN - QT\hpc_quantum_training_BEAST_MODE.py", line 183, in train_with_beast_mode_parallelization
2025-10-07 21:46:21,694 [ERROR]                   best_params = optimize_parameters_parallel(
2025-10-07 21:46:21,694 [ERROR]                                 ~~~~~~~~~~~~~~~~~~~~~~~~~~~~^
2025-10-07 21:46:21,694 [ERROR]           params_correnti,
2025-10-07 21:46:21,694 [ERROR]           ^^^^^^^^^^^^^^^^
2025-10-07 21:46:21,694 [ERROR]       ...<8 lines>...
2025-10-07 21:46:21,694 [ERROR]           opt_maxfev=OPTIMIZATION_CONFIG.get('opt_maxfev', 50)
2025-10-07 21:46:21,695 [ERROR]           ^^^^^^^^^^^^^^^^^^^^^^^^^^^^^^^^^^^^^^^^^^^^^^^^^^^^
2025-10-07 21:46:21,695 [ERROR]       )
2025-10-07 21:46:21,695 [ERROR]       ^
2025-10-07 21:46:21,695 [ERROR]     File "C:\Users\Ale\Desktop\progetti\FIN - QT\optimization.py", line 503, in optimize_parameters_parallel
2025-10-07 21:46:21,695 [ERROR]       pV = current_params[:n_params_single].reshape(param_shape)
2025-10-07 21:46:21,695 [ERROR]   ValueError: cannot reshape array of size 360 into shape (3,2,3,4,3)
2025-10-07 21:46:45,481 [INFO]    Workers: 11/12 (fonte: CPU_COUNT)
2025-10-07 21:46:45,787 [INFO]    Workers: 11
2025-10-07 21:46:45,787 [INFO]    Parametri: 720
2025-10-07 21:46:45,787 [INFO]    Max iter: 300
2025-10-07 21:46:45,798 [ERROR] Tipo: ValueError
2025-10-07 21:46:45,798 [ERROR] Messaggio: Params.size: 36, required angles: 48.0
2025-10-07 21:46:45,799 [ERROR]   Traceback (most recent call last):
2025-10-07 21:46:45,799 [ERROR]     File "C:\Users\Ale\Desktop\progetti\FIN - QT\hpc_quantum_training_BEAST_MODE.py", line 227, in main
2025-10-07 21:46:45,799 [ERROR]       train_with_beast_mode_parallelization(logger)
2025-10-07 21:46:45,800 [ERROR]       ~~~~~~~~~~~~~~~~~~~~~~~~~~~~~~~~~~~~~^^^^^^^^
2025-10-07 21:46:45,800 [ERROR]     File "C:\Users\Ale\Desktop\progetti\FIN - QT\hpc_quantum_training_BEAST_MODE.py", line 183, in train_with_beast_mode_parallelization
2025-10-07 21:46:45,800 [ERROR]                   best_params = optimize_parameters_parallel(
2025-10-07 21:46:45,800 [ERROR]                                 ~~~~~~~~~~~~~~~~~~~~~~~~~~~~^
2025-10-07 21:46:45,800 [ERROR]           params_correnti,
2025-10-07 21:46:45,800 [ERROR]           ^^^^^^^^^^^^^^^^
2025-10-07 21:46:45,800 [ERROR]       ...<8 lines>...
2025-10-07 21:46:45,800 [ERROR]           opt_maxfev=OPTIMIZATION_CONFIG.get('opt_maxfev', 50)
2025-10-07 21:46:45,801 [ERROR]           ^^^^^^^^^^^^^^^^^^^^^^^^^^^^^^^^^^^^^^^^^^^^^^^^^^^^
2025-10-07 21:46:45,801 [ERROR]       )
2025-10-07 21:46:45,801 [ERROR]       ^
2025-10-07 21:46:45,801 [ERROR]     File "C:\Users\Ale\Desktop\progetti\FIN - QT\optimization.py", line 510, in optimize_parameters_parallel
2025-10-07 21:46:45,801 [ERROR]       current_loss = builder.create_generalized_circuit(
2025-10-07 21:46:45,801 [ERROR]               psi=states_calculated,
2025-10-07 21:46:45,801 [ERROR]       ...<4 lines>...
2025-10-07 21:46:45,802 [ERROR]               num_layers=num_layers
2025-10-07 21:46:45,802 [ERROR]           )
2025-10-07 21:46:45,802 [ERROR]     File "C:\Users\Ale\Desktop\progetti\FIN - QT\generalized_quantum_circuits.py", line 92, in create_generalized_circuit
2025-10-07 21:46:45,802 [ERROR]       ansatz_v = AnsatzBuilder(self.n_target_qubits, params_v, num_layers)
2025-10-07 21:46:45,802 [ERROR]     File "C:\Users\Ale\Desktop\progetti\FIN - QT\layer.py", line 27, in __init__
2025-10-07 21:46:45,802 [ERROR]       self.add_layer(params[layer_idx][0], params[layer_idx][1])
2025-10-07 21:46:45,803 [ERROR]       ~~~~~~~~~~~~~~^^^^^^^^^^^^^^^^^^^^^^^^^^^^^^^^^^^^^^^^^^^^
2025-10-07 21:46:45,803 [ERROR]     File "C:\Users\Ale\Desktop\progetti\FIN - QT\layer.py", line 52, in add_layer
2025-10-07 21:46:45,803 [ERROR]       raise ValueError(f"Params.size: {params.size}, required angles: {self.num_angles_required_for_layer() / 2}")
2025-10-07 21:46:45,803 [ERROR]   ValueError: Params.size: 36, required angles: 48.0
2025-10-07 21:48:25,948 [INFO]    Workers: 11/12 (fonte: CPU_COUNT)
2025-10-07 21:48:25,954 [ERROR] Tipo: ValueError
2025-10-07 21:48:25,954 [ERROR] Messaggio: Maximum allowed dimension exceeded
2025-10-07 21:48:25,955 [ERROR]   Traceback (most recent call last):
2025-10-07 21:48:25,955 [ERROR]     File "C:\Users\Ale\Desktop\progetti\FIN - QT\hpc_quantum_training_BEAST_MODE.py", line 227, in main
2025-10-07 21:48:25,955 [ERROR]       train_with_beast_mode_parallelization(logger)
2025-10-07 21:48:25,956 [ERROR]       ~~~~~~~~~~~~~~~~~~~~~~~~~~~~~~~~~~~~~^^^^^^^^
2025-10-07 21:48:25,956 [ERROR]     File "C:\Users\Ale\Desktop\progetti\FIN - QT\hpc_quantum_training_BEAST_MODE.py", line 108, in train_with_beast_mode_parallelization
2025-10-07 21:48:25,956 [ERROR]       params = np.random.randn(num_params) * xavier_std
2025-10-07 21:48:25,956 [ERROR]                ~~~~~~~~~~~~~~~^^^^^^^^^^^^
2025-10-07 21:48:25,956 [ERROR]     File "numpy/random/mtrand.pyx", line 1306, in numpy.random.mtrand.RandomState.randn
2025-10-07 21:48:25,957 [ERROR]     File "numpy/random/mtrand.pyx", line 1466, in numpy.random.mtrand.RandomState.standard_normal
2025-10-07 21:48:25,957 [ERROR]     File "numpy/random/_common.pyx", line 655, in numpy.random._common.cont
2025-10-07 21:48:25,957 [ERROR]   ValueError: Maximum allowed dimension exceeded
2025-10-07 21:50:45,239 [INFO]    Workers: 11/12 (fonte: CPU_COUNT)
2025-10-07 21:50:45,246 [ERROR] Tipo: ValueError
2025-10-07 21:50:45,246 [ERROR] Messaggio: cannot reshape array of size 180 into shape (5,2,1,12)
2025-10-07 21:50:45,247 [ERROR]   Traceback (most recent call last):
2025-10-07 21:50:45,247 [ERROR]     File "C:\Users\Ale\Desktop\progetti\FIN - QT\hpc_quantum_training_BEAST_MODE.py", line 227, in main
2025-10-07 21:50:45,247 [ERROR]       train_with_beast_mode_parallelization(logger)
2025-10-07 21:50:45,247 [ERROR]       ~~~~~~~~~~~~~~~~~~~~~~~~~~~~~~~~~~~~~^^^^^^^^
2025-10-07 21:50:45,247 [ERROR]     File "C:\Users\Ale\Desktop\progetti\FIN - QT\hpc_quantum_training_BEAST_MODE.py", line 97, in train_with_beast_mode_parallelization
2025-10-07 21:50:45,247 [ERROR]       param_shape = get_params(
2025-10-07 21:50:45,248 [ERROR]           3,
2025-10-07 21:50:45,248 [ERROR]           5
2025-10-07 21:50:45,248 [ERROR]       )
2025-10-07 21:50:45,248 [ERROR]     File "C:\Users\Ale\Desktop\progetti\FIN - QT\quantum_utils.py", line 55, in get_params
2025-10-07 21:50:45,248 [ERROR]       params = get_params_shape(x, num_qubits, num_layers)
2025-10-07 21:50:45,248 [ERROR]     File "C:\Users\Ale\Desktop\progetti\FIN - QT\quantum_utils.py", line 90, in get_params_shape
2025-10-07 21:50:45,248 [ERROR]       x = param_values.reshape(num_layers, 2, num_qubits // 2, 12)
2025-10-07 21:50:45,249 [ERROR]   ValueError: cannot reshape array of size 180 into shape (5,2,1,12)
2025-10-07 21:50:56,954 [INFO]    Workers: 11/12 (fonte: CPU_COUNT)
2025-10-07 21:50:56,960 [ERROR] Tipo: ValueError
2025-10-07 21:50:56,960 [ERROR] Messaggio: cannot reshape array of size 180 into shape (5,2,1,12)
2025-10-07 21:50:56,961 [ERROR]   Traceback (most recent call last):
2025-10-07 21:50:56,961 [ERROR]     File "C:\Users\Ale\Desktop\progetti\FIN - QT\hpc_quantum_training_BEAST_MODE.py", line 227, in main
2025-10-07 21:50:56,961 [ERROR]       train_with_beast_mode_parallelization(logger)
2025-10-07 21:50:56,961 [ERROR]       ~~~~~~~~~~~~~~~~~~~~~~~~~~~~~~~~~~~~~^^^^^^^^
2025-10-07 21:50:56,961 [ERROR]     File "C:\Users\Ale\Desktop\progetti\FIN - QT\hpc_quantum_training_BEAST_MODE.py", line 97, in train_with_beast_mode_parallelization
2025-10-07 21:50:56,961 [ERROR]       param_shape = get_params(
2025-10-07 21:50:56,962 [ERROR]                     ~~~~~~~~~~^
2025-10-07 21:50:56,962 [ERROR]           3,
2025-10-07 21:50:56,962 [ERROR]           ^^
2025-10-07 21:50:56,962 [ERROR]           5
2025-10-07 21:50:56,962 [ERROR]           ^
2025-10-07 21:50:56,962 [ERROR]       ).shape
2025-10-07 21:50:56,962 [ERROR]       ^
2025-10-07 21:50:56,963 [ERROR]     File "C:\Users\Ale\Desktop\progetti\FIN - QT\quantum_utils.py", line 55, in get_params
2025-10-07 21:50:56,963 [ERROR]       params = get_params_shape(x, num_qubits, num_layers)
2025-10-07 21:50:56,963 [ERROR]     File "C:\Users\Ale\Desktop\progetti\FIN - QT\quantum_utils.py", line 90, in get_params_shape
2025-10-07 21:50:56,963 [ERROR]       x = param_values.reshape(num_layers, 2, num_qubits // 2, 12)
2025-10-07 21:50:56,963 [ERROR]   ValueError: cannot reshape array of size 180 into shape (5,2,1,12)
2025-10-07 21:53:45,458 [INFO]    Workers: 11/12 (fonte: CPU_COUNT)
2025-10-07 21:53:45,465 [ERROR] Tipo: ValueError
2025-10-07 21:53:45,465 [ERROR] Messaggio: cannot reshape array of size 180 into shape (5,2,1,12)
2025-10-07 21:53:45,466 [ERROR]   Traceback (most recent call last):
2025-10-07 21:53:45,466 [ERROR]     File "C:\Users\Ale\Desktop\progetti\FIN - QT\hpc_quantum_training_BEAST_MODE.py", line 227, in main
2025-10-07 21:53:45,466 [ERROR]       train_with_beast_mode_parallelization(logger)
2025-10-07 21:53:45,466 [ERROR]       ~~~~~~~~~~~~~~~~~~~~~~~~~~~~~~~~~~~~~^^^^^^^^
2025-10-07 21:53:45,466 [ERROR]     File "C:\Users\Ale\Desktop\progetti\FIN - QT\hpc_quantum_training_BEAST_MODE.py", line 97, in train_with_beast_mode_parallelization
2025-10-07 21:53:45,466 [ERROR]       param_shape = get_params(
2025-10-07 21:53:45,467 [ERROR]                     ~~~~~~~~~~^
2025-10-07 21:53:45,467 [ERROR]           3,
2025-10-07 21:53:45,467 [ERROR]           ^^
2025-10-07 21:53:45,467 [ERROR]           5
2025-10-07 21:53:45,467 [ERROR]           ^
2025-10-07 21:53:45,467 [ERROR]       ).shape
2025-10-07 21:53:45,467 [ERROR]       ^
2025-10-07 21:53:45,468 [ERROR]     File "C:\Users\Ale\Desktop\progetti\FIN - QT\quantum_utils.py", line 55, in get_params
2025-10-07 21:53:45,468 [ERROR]       params = get_params_shape(x, num_qubits, num_layers)
2025-10-07 21:53:45,468 [ERROR]     File "C:\Users\Ale\Desktop\progetti\FIN - QT\quantum_utils.py", line 90, in get_params_shape
2025-10-07 21:53:45,468 [ERROR]       x = param_values.reshape(num_layers, 2, num_qubits // 2, 12)
2025-10-07 21:53:45,468 [ERROR]   ValueError: cannot reshape array of size 180 into shape (5,2,1,12)
2025-10-07 21:54:25,241 [INFO]    Workers: 11/12 (fonte: CPU_COUNT)
2025-10-07 21:54:25,247 [ERROR] Tipo: ValueError
2025-10-07 21:54:25,247 [ERROR] Messaggio: cannot reshape array of size 180 into shape (5,2,1,12)
2025-10-07 21:54:25,248 [ERROR]   Traceback (most recent call last):
2025-10-07 21:54:25,248 [ERROR]     File "C:\Users\Ale\Desktop\progetti\FIN - QT\hpc_quantum_training_BEAST_MODE.py", line 227, in main
2025-10-07 21:54:25,248 [ERROR]       train_with_beast_mode_parallelization(logger)
2025-10-07 21:54:25,249 [ERROR]       ~~~~~~~~~~~~~~~~~~~~~~~~~~~~~~~~~~~~~^^^^^^^^
2025-10-07 21:54:25,249 [ERROR]     File "C:\Users\Ale\Desktop\progetti\FIN - QT\hpc_quantum_training_BEAST_MODE.py", line 97, in train_with_beast_mode_parallelization
2025-10-07 21:54:25,249 [ERROR]       param_shape = get_params(
2025-10-07 21:54:25,249 [ERROR]                     ~~~~~~~~~~^
2025-10-07 21:54:25,249 [ERROR]           3,
2025-10-07 21:54:25,249 [ERROR]           ^^
2025-10-07 21:54:25,250 [ERROR]           5
2025-10-07 21:54:25,250 [ERROR]           ^
2025-10-07 21:54:25,250 [ERROR]       ).shape
2025-10-07 21:54:25,250 [ERROR]       ^
2025-10-07 21:54:25,250 [ERROR]     File "C:\Users\Ale\Desktop\progetti\FIN - QT\quantum_utils.py", line 55, in get_params
2025-10-07 21:54:25,250 [ERROR]       params = get_params_shape(x, num_qubits, num_layers)
2025-10-07 21:54:25,250 [ERROR]     File "C:\Users\Ale\Desktop\progetti\FIN - QT\quantum_utils.py", line 90, in get_params_shape
2025-10-07 21:54:25,251 [ERROR]       x = param_values.reshape(num_layers, 2, num_qubits // 2, 12)
2025-10-07 21:54:25,251 [ERROR]   ValueError: cannot reshape array of size 180 into shape (5,2,1,12)
2025-10-07 21:55:17,675 [INFO]    Workers: 11/12 (fonte: CPU_COUNT)
2025-10-07 21:55:17,681 [ERROR] Tipo: ValueError
2025-10-07 21:55:17,681 [ERROR] Messaggio: cannot reshape array of size 180 into shape (5,2,1,12)
2025-10-07 21:55:17,682 [ERROR]   Traceback (most recent call last):
2025-10-07 21:55:17,682 [ERROR]     File "C:\Users\Ale\Desktop\progetti\FIN - QT\hpc_quantum_training_BEAST_MODE.py", line 227, in main
2025-10-07 21:55:17,683 [ERROR]       train_with_beast_mode_parallelization(logger)
2025-10-07 21:55:17,683 [ERROR]       ~~~~~~~~~~~~~~~~~~~~~~~~~~~~~~~~~~~~~^^^^^^^^
2025-10-07 21:55:17,683 [ERROR]     File "C:\Users\Ale\Desktop\progetti\FIN - QT\hpc_quantum_training_BEAST_MODE.py", line 97, in train_with_beast_mode_parallelization
2025-10-07 21:55:17,683 [ERROR]       param_shape = get_params(
2025-10-07 21:55:17,683 [ERROR]                     ~~~~~~~~~~^
2025-10-07 21:55:17,683 [ERROR]           3,
2025-10-07 21:55:17,683 [ERROR]           ^^
2025-10-07 21:55:17,684 [ERROR]           5
2025-10-07 21:55:17,684 [ERROR]           ^
2025-10-07 21:55:17,684 [ERROR]       ).shape
2025-10-07 21:55:17,684 [ERROR]       ^
2025-10-07 21:55:17,684 [ERROR]     File "C:\Users\Ale\Desktop\progetti\FIN - QT\quantum_utils.py", line 55, in get_params
2025-10-07 21:55:17,684 [ERROR]       params = get_params_shape(x, num_qubits, num_layers)
2025-10-07 21:55:17,684 [ERROR]     File "C:\Users\Ale\Desktop\progetti\FIN - QT\quantum_utils.py", line 90, in get_params_shape
2025-10-07 21:55:17,685 [ERROR]       x = param_values.reshape(num_layers, 2, num_qubits // 2, 12)
2025-10-07 21:55:17,685 [ERROR]   ValueError: cannot reshape array of size 180 into shape (5,2,1,12)
2025-10-07 22:00:13,852 [INFO]    Workers: 11/12 (fonte: CPU_COUNT)
2025-10-07 22:00:13,857 [ERROR] Tipo: KeyError
2025-10-07 22:00:13,857 [ERROR] Messaggio: 'layers'
2025-10-07 22:00:13,857 [ERROR]   Traceback (most recent call last):
2025-10-07 22:00:13,857 [ERROR]     File "C:\Users\Ale\Desktop\progetti\FIN - QT\hpc_quantum_training_BEAST_MODE.py", line 228, in main
2025-10-07 22:00:13,858 [ERROR]       train_with_beast_mode_parallelization(logger)
2025-10-07 22:00:13,858 [ERROR]       ~~~~~~~~~~~~~~~~~~~~~~~~~~~~~~~~~~~~~^^^^^^^^
2025-10-07 22:00:13,858 [ERROR]     File "C:\Users\Ale\Desktop\progetti\FIN - QT\hpc_quantum_training_BEAST_MODE.py", line 99, in train_with_beast_mode_parallelization
2025-10-07 22:00:13,858 [ERROR]       OPTIMIZATION_CONFIG['layers'],
2025-10-07 22:00:13,858 [ERROR]       ~~~~~~~~~~~~~~~~~~~^^^^^^^^^^
2025-10-07 22:00:13,858 [ERROR]   KeyError: 'layers'
2025-10-07 22:00:28,452 [INFO]    Workers: 11/12 (fonte: CPU_COUNT)
2025-10-07 22:00:28,458 [ERROR] Tipo: ValueError
2025-10-07 22:00:28,458 [ERROR] Messaggio: cannot reshape array of size 60 into shape (5,2,0,12)
2025-10-07 22:00:28,459 [ERROR]   Traceback (most recent call last):
2025-10-07 22:00:28,459 [ERROR]     File "C:\Users\Ale\Desktop\progetti\FIN - QT\hpc_quantum_training_BEAST_MODE.py", line 228, in main
2025-10-07 22:00:28,460 [ERROR]       train_with_beast_mode_parallelization(logger)
2025-10-07 22:00:28,460 [ERROR]       ~~~~~~~~~~~~~~~~~~~~~~~~~~~~~~~~~~~~~^^^^^^^^
2025-10-07 22:00:28,460 [ERROR]     File "C:\Users\Ale\Desktop\progetti\FIN - QT\hpc_quantum_training_BEAST_MODE.py", line 97, in train_with_beast_mode_parallelization
2025-10-07 22:00:28,460 [ERROR]       param_shape = get_params(
2025-10-07 22:00:28,460 [ERROR]                     ~~~~~~~~~~^
2025-10-07 22:00:28,460 [ERROR]           OPTIMIZATION_CONFIG['num_qubits']//2,
2025-10-07 22:00:28,461 [ERROR]           ^^^^^^^^^^^^^^^^^^^^^^^^^^^^^^^^^^^^^
2025-10-07 22:00:28,461 [ERROR]           OPTIMIZATION_CONFIG['num_layers'],
2025-10-07 22:00:28,461 [ERROR]           ^^^^^^^^^^^^^^^^^^^^^^^^^^^^^^^^^^
2025-10-07 22:00:28,461 [ERROR]       ).shape
2025-10-07 22:00:28,461 [ERROR]       ^
2025-10-07 22:00:28,461 [ERROR]     File "C:\Users\Ale\Desktop\progetti\FIN - QT\quantum_utils.py", line 55, in get_params
2025-10-07 22:00:28,461 [ERROR]       params = get_params_shape(x, num_qubits, num_layers)
2025-10-07 22:00:28,462 [ERROR]     File "C:\Users\Ale\Desktop\progetti\FIN - QT\quantum_utils.py", line 90, in get_params_shape
2025-10-07 22:00:28,462 [ERROR]       x = param_values.reshape(num_layers, 2, num_qubits // 2, 12)
2025-10-07 22:00:28,462 [ERROR]   ValueError: cannot reshape array of size 60 into shape (5,2,0,12)
2025-10-07 22:02:15,920 [INFO]    Workers: 11/12 (fonte: CPU_COUNT)
2025-10-07 22:02:16,229 [ERROR] Tipo: TypeError
2025-10-07 22:02:16,229 [ERROR] Messaggio: optimize_parameters_parallel() got an unexpected keyword argument 'num_qubits'
2025-10-07 22:02:16,230 [ERROR]   Traceback (most recent call last):
2025-10-07 22:02:16,230 [ERROR]     File "C:\Users\Ale\Desktop\progetti\FIN - QT\hpc_quantum_training_BEAST_MODE.py", line 228, in main
2025-10-07 22:02:16,230 [ERROR]       train_with_beast_mode_parallelization(logger)
2025-10-07 22:02:16,230 [ERROR]       ~~~~~~~~~~~~~~~~~~~~~~~~~~~~~~~~~~~~~^^^^^^^^
2025-10-07 22:02:16,230 [ERROR]     File "C:\Users\Ale\Desktop\progetti\FIN - QT\hpc_quantum_training_BEAST_MODE.py", line 183, in train_with_beast_mode_parallelization
2025-10-07 22:02:16,230 [ERROR]                   best_params = optimize_parameters_parallel(
2025-10-07 22:02:16,230 [ERROR]                                 ~~~~~~~~~~~~~~~~~~~~~~~~~~~~^
2025-10-07 22:02:16,230 [ERROR]           params_correnti,
2025-10-07 22:02:16,231 [ERROR]           ^^^^^^^^^^^^^^^^
2025-10-07 22:02:16,231 [ERROR]       ...<9 lines>...
2025-10-07 22:02:16,231 [ERROR]           opt_maxfev=OPTIMIZATION_CONFIG.get('opt_maxfev', 50)
2025-10-07 22:02:16,231 [ERROR]           ^^^^^^^^^^^^^^^^^^^^^^^^^^^^^^^^^^^^^^^^^^^^^^^^^^^^
2025-10-07 22:02:16,231 [ERROR]       )
2025-10-07 22:02:16,231 [ERROR]       ^
2025-10-07 22:02:16,232 [ERROR]   TypeError: optimize_parameters_parallel() got an unexpected keyword argument 'num_qubits'
2025-10-07 22:03:51,072 [INFO]    Workers: 11/12 (fonte: CPU_COUNT)
2025-10-07 22:03:51,391 [INFO]    Workers: 11
2025-10-07 22:03:51,391 [INFO]    Parametri: 240
2025-10-07 22:03:51,391 [INFO]    Max iter: 300
2025-10-07 22:03:51,402 [ERROR] Tipo: ValueError
2025-10-07 22:03:51,402 [ERROR] Messaggio: Params.size: 12, required angles: 48.0
2025-10-07 22:03:51,404 [ERROR]   Traceback (most recent call last):
2025-10-07 22:03:51,404 [ERROR]     File "C:\Users\Ale\Desktop\progetti\FIN - QT\hpc_quantum_training_BEAST_MODE.py", line 228, in main
2025-10-07 22:03:51,405 [ERROR]       train_with_beast_mode_parallelization(logger)
2025-10-07 22:03:51,405 [ERROR]       ~~~~~~~~~~~~~~~~~~~~~~~~~~~~~~~~~~~~~^^^^^^^^
2025-10-07 22:03:51,405 [ERROR]     File "C:\Users\Ale\Desktop\progetti\FIN - QT\hpc_quantum_training_BEAST_MODE.py", line 183, in train_with_beast_mode_parallelization
2025-10-07 22:03:51,405 [ERROR]                   best_params = optimize_parameters_parallel(
2025-10-07 22:03:51,405 [ERROR]                                 ~~~~~~~~~~~~~~~~~~~~~~~~~~~~^
2025-10-07 22:03:51,405 [ERROR]           params_correnti,
2025-10-07 22:03:51,406 [ERROR]           ^^^^^^^^^^^^^^^^
2025-10-07 22:03:51,406 [ERROR]       ...<9 lines>...
2025-10-07 22:03:51,406 [ERROR]           opt_maxfev=OPTIMIZATION_CONFIG.get('opt_maxfev', 50)
2025-10-07 22:03:51,406 [ERROR]           ^^^^^^^^^^^^^^^^^^^^^^^^^^^^^^^^^^^^^^^^^^^^^^^^^^^^
2025-10-07 22:03:51,406 [ERROR]       )
2025-10-07 22:03:51,406 [ERROR]       ^
2025-10-07 22:03:51,407 [ERROR]     File "C:\Users\Ale\Desktop\progetti\FIN - QT\optimization.py", line 508, in optimize_parameters_parallel
2025-10-07 22:03:51,407 [ERROR]       current_loss = builder.create_generalized_circuit(
2025-10-07 22:03:51,407 [ERROR]               psi=states_calculated,
2025-10-07 22:03:51,407 [ERROR]       ...<4 lines>...
2025-10-07 22:03:51,407 [ERROR]               num_layers=num_layers
2025-10-07 22:03:51,407 [ERROR]           )
2025-10-07 22:03:51,408 [ERROR]     File "C:\Users\Ale\Desktop\progetti\FIN - QT\generalized_quantum_circuits.py", line 92, in create_generalized_circuit
2025-10-07 22:03:51,408 [ERROR]       ansatz_v = AnsatzBuilder(self.n_target_qubits, params_v, num_layers)
2025-10-07 22:03:51,408 [ERROR]     File "C:\Users\Ale\Desktop\progetti\FIN - QT\layer.py", line 27, in __init__
2025-10-07 22:03:51,408 [ERROR]       self.add_layer(params[layer_idx][0], params[layer_idx][1])
2025-10-07 22:03:51,408 [ERROR]       ~~~~~~~~~~~~~~^^^^^^^^^^^^^^^^^^^^^^^^^^^^^^^^^^^^^^^^^^^^
2025-10-07 22:03:51,409 [ERROR]     File "C:\Users\Ale\Desktop\progetti\FIN - QT\layer.py", line 52, in add_layer
2025-10-07 22:03:51,409 [ERROR]       raise ValueError(f"Params.size: {params.size}, required angles: {self.num_angles_required_for_layer() / 2}")
2025-10-07 22:03:51,409 [ERROR]   ValueError: Params.size: 12, required angles: 48.0
2025-10-07 22:08:05,176 [INFO]    Workers: 11/12 (fonte: CPU_COUNT)
2025-10-07 22:08:05,537 [INFO]    Workers: 11
2025-10-07 22:08:05,537 [INFO]    Parametri: 240
2025-10-07 22:08:05,537 [INFO]    Max iter: 300
2025-10-07 22:08:05,544 [ERROR] Tipo: ValueError
2025-10-07 22:08:05,544 [ERROR] Messaggio: Params.size: 12, required angles: 48.0
2025-10-07 22:08:05,546 [ERROR]   Traceback (most recent call last):
2025-10-07 22:08:05,546 [ERROR]     File "C:\Users\Ale\Desktop\progetti\FIN - QT\hpc_quantum_training_BEAST_MODE.py", line 231, in main
2025-10-07 22:08:05,546 [ERROR]       train_with_beast_mode_parallelization(logger)
2025-10-07 22:08:05,547 [ERROR]       ~~~~~~~~~~~~~~~~~~~~~~~~~~~~~~~~~~~~~^^^^^^^^
2025-10-07 22:08:05,547 [ERROR]     File "C:\Users\Ale\Desktop\progetti\FIN - QT\hpc_quantum_training_BEAST_MODE.py", line 186, in train_with_beast_mode_parallelization
2025-10-07 22:08:05,547 [ERROR]                   best_params = optimize_parameters_parallel(
2025-10-07 22:08:05,547 [ERROR]                                 ~~~~~~~~~~~~~~~~~~~~~~~~~~~~^
2025-10-07 22:08:05,547 [ERROR]           params_correnti,
2025-10-07 22:08:05,547 [ERROR]           ^^^^^^^^^^^^^^^^
2025-10-07 22:08:05,548 [ERROR]       ...<9 lines>...
2025-10-07 22:08:05,548 [ERROR]           opt_maxfev=OPTIMIZATION_CONFIG.get('opt_maxfev', 50)
2025-10-07 22:08:05,548 [ERROR]           ^^^^^^^^^^^^^^^^^^^^^^^^^^^^^^^^^^^^^^^^^^^^^^^^^^^^
2025-10-07 22:08:05,548 [ERROR]       )
2025-10-07 22:08:05,548 [ERROR]       ^
2025-10-07 22:08:05,549 [ERROR]     File "C:\Users\Ale\Desktop\progetti\FIN - QT\optimization.py", line 508, in optimize_parameters_parallel
2025-10-07 22:08:05,549 [ERROR]       current_loss = builder.create_generalized_circuit(
2025-10-07 22:08:05,549 [ERROR]               psi=states_calculated,
2025-10-07 22:08:05,549 [ERROR]       ...<4 lines>...
2025-10-07 22:08:05,549 [ERROR]               num_layers=num_layers
2025-10-07 22:08:05,549 [ERROR]           )
2025-10-07 22:08:05,550 [ERROR]     File "C:\Users\Ale\Desktop\progetti\FIN - QT\generalized_quantum_circuits.py", line 92, in create_generalized_circuit
2025-10-07 22:08:05,550 [ERROR]       ansatz_v = AnsatzBuilder(self.n_target_qubits, params_v, num_layers)
2025-10-07 22:08:05,550 [ERROR]     File "C:\Users\Ale\Desktop\progetti\FIN - QT\layer.py", line 27, in __init__
2025-10-07 22:08:05,550 [ERROR]       self.add_layer(params[layer_idx][0], params[layer_idx][1])
2025-10-07 22:08:05,550 [ERROR]       ~~~~~~~~~~~~~~^^^^^^^^^^^^^^^^^^^^^^^^^^^^^^^^^^^^^^^^^^^^
2025-10-07 22:08:05,550 [ERROR]     File "C:\Users\Ale\Desktop\progetti\FIN - QT\layer.py", line 52, in add_layer
2025-10-07 22:08:05,550 [ERROR]       raise ValueError(f"Params.size: {params.size}, required angles: {self.num_angles_required_for_layer() / 2}")
2025-10-07 22:08:05,551 [ERROR]   ValueError: Params.size: 12, required angles: 48.0
2025-10-07 22:10:27,485 [INFO]    Workers: 11/12 (fonte: CPU_COUNT)
2025-10-07 22:10:27,793 [INFO]    Workers: 11
2025-10-07 22:10:27,794 [INFO]    Parametri: 240
2025-10-07 22:10:27,794 [INFO]    Max iter: 300
2025-10-07 22:10:27,799 [ERROR] Tipo: ValueError
2025-10-07 22:10:27,799 [ERROR] Messaggio: Params.size: 12, required angles: 48.0
2025-10-07 22:10:27,801 [ERROR]   Traceback (most recent call last):
2025-10-07 22:10:27,801 [ERROR]     File "C:\Users\Ale\Desktop\progetti\FIN - QT\hpc_quantum_training_BEAST_MODE.py", line 231, in main
2025-10-07 22:10:27,801 [ERROR]       train_with_beast_mode_parallelization(logger)
2025-10-07 22:10:27,801 [ERROR]       ~~~~~~~~~~~~~~~~~~~~~~~~~~~~~~~~~~~~~^^^^^^^^
2025-10-07 22:10:27,801 [ERROR]     File "C:\Users\Ale\Desktop\progetti\FIN - QT\hpc_quantum_training_BEAST_MODE.py", line 186, in train_with_beast_mode_parallelization
2025-10-07 22:10:27,801 [ERROR]                   best_params = optimize_parameters_parallel(
2025-10-07 22:10:27,801 [ERROR]                                 ~~~~~~~~~~~~~~~~~~~~~~~~~~~~^
2025-10-07 22:10:27,802 [ERROR]           params_correnti,
2025-10-07 22:10:27,802 [ERROR]           ^^^^^^^^^^^^^^^^
2025-10-07 22:10:27,802 [ERROR]       ...<9 lines>...
2025-10-07 22:10:27,802 [ERROR]           opt_maxfev=OPTIMIZATION_CONFIG.get('opt_maxfev', 50)
2025-10-07 22:10:27,802 [ERROR]           ^^^^^^^^^^^^^^^^^^^^^^^^^^^^^^^^^^^^^^^^^^^^^^^^^^^^
2025-10-07 22:10:27,802 [ERROR]       )
2025-10-07 22:10:27,802 [ERROR]       ^
2025-10-07 22:10:27,802 [ERROR]     File "C:\Users\Ale\Desktop\progetti\FIN - QT\optimization.py", line 511, in optimize_parameters_parallel
2025-10-07 22:10:27,803 [ERROR]       current_loss = builder.create_generalized_circuit(
2025-10-07 22:10:27,803 [ERROR]               psi=states_calculated,
2025-10-07 22:10:27,803 [ERROR]       ...<4 lines>...
2025-10-07 22:10:27,803 [ERROR]               num_layers=num_layers
2025-10-07 22:10:27,803 [ERROR]           )
2025-10-07 22:10:27,803 [ERROR]     File "C:\Users\Ale\Desktop\progetti\FIN - QT\generalized_quantum_circuits.py", line 92, in create_generalized_circuit
2025-10-07 22:10:27,803 [ERROR]       ansatz_v = AnsatzBuilder(self.n_target_qubits, params_v, num_layers)
2025-10-07 22:10:27,804 [ERROR]     File "C:\Users\Ale\Desktop\progetti\FIN - QT\layer.py", line 27, in __init__
2025-10-07 22:10:27,804 [ERROR]       self.add_layer(params[layer_idx][0], params[layer_idx][1])
2025-10-07 22:10:27,804 [ERROR]       ~~~~~~~~~~~~~~^^^^^^^^^^^^^^^^^^^^^^^^^^^^^^^^^^^^^^^^^^^^
2025-10-07 22:10:27,804 [ERROR]     File "C:\Users\Ale\Desktop\progetti\FIN - QT\layer.py", line 52, in add_layer
2025-10-07 22:10:27,804 [ERROR]       raise ValueError(f"Params.size: {params.size}, required angles: {self.num_angles_required_for_layer() / 2}")
2025-10-07 22:10:27,804 [ERROR]   ValueError: Params.size: 12, required angles: 48.0
2025-10-07 22:12:22,608 [INFO]    Workers: 11/12 (fonte: CPU_COUNT)
2025-10-07 22:12:22,913 [INFO]    Workers: 11
2025-10-07 22:12:22,913 [INFO]    Parametri: 240
2025-10-07 22:12:22,913 [INFO]    Max iter: 300
2025-10-07 22:12:22,919 [ERROR] Tipo: ValueError
2025-10-07 22:12:22,920 [ERROR] Messaggio: Params.size: 12, required angles: 48.0
2025-10-07 22:12:22,921 [ERROR]   Traceback (most recent call last):
2025-10-07 22:12:22,921 [ERROR]     File "C:\Users\Ale\Desktop\progetti\FIN - QT\hpc_quantum_training_BEAST_MODE.py", line 231, in main
2025-10-07 22:12:22,921 [ERROR]       train_with_beast_mode_parallelization(logger)
2025-10-07 22:12:22,922 [ERROR]       ~~~~~~~~~~~~~~~~~~~~~~~~~~~~~~~~~~~~~^^^^^^^^
2025-10-07 22:12:22,922 [ERROR]     File "C:\Users\Ale\Desktop\progetti\FIN - QT\hpc_quantum_training_BEAST_MODE.py", line 186, in train_with_beast_mode_parallelization
2025-10-07 22:12:22,922 [ERROR]                   best_params = optimize_parameters_parallel(
2025-10-07 22:12:22,922 [ERROR]                                 ~~~~~~~~~~~~~~~~~~~~~~~~~~~~^
2025-10-07 22:12:22,922 [ERROR]           params_correnti,
2025-10-07 22:12:22,922 [ERROR]           ^^^^^^^^^^^^^^^^
2025-10-07 22:12:22,922 [ERROR]       ...<9 lines>...
2025-10-07 22:12:22,922 [ERROR]           opt_maxfev=OPTIMIZATION_CONFIG.get('opt_maxfev', 50)
2025-10-07 22:12:22,923 [ERROR]           ^^^^^^^^^^^^^^^^^^^^^^^^^^^^^^^^^^^^^^^^^^^^^^^^^^^^
2025-10-07 22:12:22,923 [ERROR]       )
2025-10-07 22:12:22,923 [ERROR]       ^
2025-10-07 22:12:22,923 [ERROR]     File "C:\Users\Ale\Desktop\progetti\FIN - QT\optimization.py", line 513, in optimize_parameters_parallel
2025-10-07 22:12:22,923 [ERROR]       current_loss = builder.create_generalized_circuit(
2025-10-07 22:12:22,923 [ERROR]               psi=states_calculated,
2025-10-07 22:12:22,923 [ERROR]       ...<4 lines>...
2025-10-07 22:12:22,924 [ERROR]               num_layers=num_layers
2025-10-07 22:12:22,924 [ERROR]           )
2025-10-07 22:12:22,924 [ERROR]     File "C:\Users\Ale\Desktop\progetti\FIN - QT\generalized_quantum_circuits.py", line 92, in create_generalized_circuit
2025-10-07 22:12:22,924 [ERROR]       ansatz_v = AnsatzBuilder(self.n_target_qubits, params_v, num_layers)
2025-10-07 22:12:22,924 [ERROR]     File "C:\Users\Ale\Desktop\progetti\FIN - QT\layer.py", line 27, in __init__
2025-10-07 22:12:22,924 [ERROR]       self.add_layer(params[layer_idx][0], params[layer_idx][1])
2025-10-07 22:12:22,924 [ERROR]       ~~~~~~~~~~~~~~^^^^^^^^^^^^^^^^^^^^^^^^^^^^^^^^^^^^^^^^^^^^
2025-10-07 22:12:22,924 [ERROR]     File "C:\Users\Ale\Desktop\progetti\FIN - QT\layer.py", line 52, in add_layer
2025-10-07 22:12:22,925 [ERROR]       raise ValueError(f"Params.size: {params.size}, required angles: {self.num_angles_required_for_layer() / 2}")
2025-10-07 22:12:22,925 [ERROR]   ValueError: Params.size: 12, required angles: 48.0
2025-10-07 22:12:28,611 [INFO]    Workers: 11/12 (fonte: CPU_COUNT)
2025-10-07 22:12:28,918 [INFO]    Workers: 11
2025-10-07 22:12:28,918 [INFO]    Parametri: 240
2025-10-07 22:12:28,918 [INFO]    Max iter: 300
2025-10-07 22:12:28,925 [ERROR] Tipo: ValueError
2025-10-07 22:12:28,925 [ERROR] Messaggio: Params.size: 12, required angles: 48.0
2025-10-07 22:12:28,926 [ERROR]   Traceback (most recent call last):
2025-10-07 22:12:28,927 [ERROR]     File "C:\Users\Ale\Desktop\progetti\FIN - QT\hpc_quantum_training_BEAST_MODE.py", line 231, in main
2025-10-07 22:12:28,927 [ERROR]       train_with_beast_mode_parallelization(logger)
2025-10-07 22:12:28,927 [ERROR]       ~~~~~~~~~~~~~~~~~~~~~~~~~~~~~~~~~~~~~^^^^^^^^
2025-10-07 22:12:28,927 [ERROR]     File "C:\Users\Ale\Desktop\progetti\FIN - QT\hpc_quantum_training_BEAST_MODE.py", line 186, in train_with_beast_mode_parallelization
2025-10-07 22:12:28,927 [ERROR]                   best_params = optimize_parameters_parallel(
2025-10-07 22:12:28,927 [ERROR]                                 ~~~~~~~~~~~~~~~~~~~~~~~~~~~~^
2025-10-07 22:12:28,927 [ERROR]           params_correnti,
2025-10-07 22:12:28,927 [ERROR]           ^^^^^^^^^^^^^^^^
2025-10-07 22:12:28,927 [ERROR]       ...<9 lines>...
2025-10-07 22:12:28,928 [ERROR]           opt_maxfev=OPTIMIZATION_CONFIG.get('opt_maxfev', 50)
2025-10-07 22:12:28,928 [ERROR]           ^^^^^^^^^^^^^^^^^^^^^^^^^^^^^^^^^^^^^^^^^^^^^^^^^^^^
2025-10-07 22:12:28,928 [ERROR]       )
2025-10-07 22:12:28,928 [ERROR]       ^
2025-10-07 22:12:28,928 [ERROR]     File "C:\Users\Ale\Desktop\progetti\FIN - QT\optimization.py", line 513, in optimize_parameters_parallel
2025-10-07 22:12:28,928 [ERROR]       current_loss = builder.create_generalized_circuit(
2025-10-07 22:12:28,929 [ERROR]               psi=states_calculated,
2025-10-07 22:12:28,929 [ERROR]       ...<4 lines>...
2025-10-07 22:12:28,929 [ERROR]               num_layers=num_layers
2025-10-07 22:12:28,929 [ERROR]           )
2025-10-07 22:12:28,929 [ERROR]     File "C:\Users\Ale\Desktop\progetti\FIN - QT\generalized_quantum_circuits.py", line 92, in create_generalized_circuit
2025-10-07 22:12:28,929 [ERROR]       ansatz_v = AnsatzBuilder(self.n_target_qubits, params_v, num_layers)
2025-10-07 22:12:28,930 [ERROR]     File "C:\Users\Ale\Desktop\progetti\FIN - QT\layer.py", line 27, in __init__
2025-10-07 22:12:28,930 [ERROR]       self.add_layer(params[layer_idx][0], params[layer_idx][1])
2025-10-07 22:12:28,930 [ERROR]       ~~~~~~~~~~~~~~^^^^^^^^^^^^^^^^^^^^^^^^^^^^^^^^^^^^^^^^^^^^
2025-10-07 22:12:28,930 [ERROR]     File "C:\Users\Ale\Desktop\progetti\FIN - QT\layer.py", line 52, in add_layer
2025-10-07 22:12:28,930 [ERROR]       raise ValueError(f"Params.size: {params.size}, required angles: {self.num_angles_required_for_layer() / 2}")
2025-10-07 22:12:28,930 [ERROR]   ValueError: Params.size: 12, required angles: 48.0
2025-10-07 22:15:11,486 [INFO]    Workers: 11/12 (fonte: CPU_COUNT)
2025-10-07 22:15:11,801 [INFO]    Workers: 11
2025-10-07 22:15:11,801 [INFO]    Parametri: 240
2025-10-07 22:15:11,802 [INFO]    Max iter: 300
2025-10-07 22:15:11,808 [ERROR] Tipo: ValueError
2025-10-07 22:15:11,808 [ERROR] Messaggio: Params.size: 12, required angles: 48.0
2025-10-07 22:15:11,809 [ERROR]   Traceback (most recent call last):
2025-10-07 22:15:11,810 [ERROR]     File "C:\Users\Ale\Desktop\progetti\FIN - QT\hpc_quantum_training_BEAST_MODE.py", line 232, in main
2025-10-07 22:15:11,810 [ERROR]       train_with_beast_mode_parallelization(logger)
2025-10-07 22:15:11,810 [ERROR]       ~~~~~~~~~~~~~~~~~~~~~~~~~~~~~~~~~~~~~^^^^^^^^
2025-10-07 22:15:11,810 [ERROR]     File "C:\Users\Ale\Desktop\progetti\FIN - QT\hpc_quantum_training_BEAST_MODE.py", line 187, in train_with_beast_mode_parallelization
2025-10-07 22:15:11,810 [ERROR]                   best_params = optimize_parameters_parallel(
2025-10-07 22:15:11,810 [ERROR]                                 ~~~~~~~~~~~~~~~~~~~~~~~~~~~~^
2025-10-07 22:15:11,811 [ERROR]           params_correnti,
2025-10-07 22:15:11,811 [ERROR]           ^^^^^^^^^^^^^^^^
2025-10-07 22:15:11,811 [ERROR]       ...<9 lines>...
2025-10-07 22:15:11,811 [ERROR]           opt_maxfev=OPTIMIZATION_CONFIG.get('opt_maxfev', 50)
2025-10-07 22:15:11,811 [ERROR]           ^^^^^^^^^^^^^^^^^^^^^^^^^^^^^^^^^^^^^^^^^^^^^^^^^^^^
2025-10-07 22:15:11,811 [ERROR]       )
2025-10-07 22:15:11,812 [ERROR]       ^
2025-10-07 22:15:11,812 [ERROR]     File "C:\Users\Ale\Desktop\progetti\FIN - QT\optimization.py", line 513, in optimize_parameters_parallel
2025-10-07 22:15:11,812 [ERROR]       current_loss = builder.create_generalized_circuit(
2025-10-07 22:15:11,812 [ERROR]               psi=states_calculated,
2025-10-07 22:15:11,812 [ERROR]       ...<4 lines>...
2025-10-07 22:15:11,812 [ERROR]               num_layers=num_layers
2025-10-07 22:15:11,812 [ERROR]           )
2025-10-07 22:15:11,813 [ERROR]     File "C:\Users\Ale\Desktop\progetti\FIN - QT\generalized_quantum_circuits.py", line 92, in create_generalized_circuit
2025-10-07 22:15:11,813 [ERROR]       ansatz_v = AnsatzBuilder(self.n_target_qubits, params_v, num_layers)
2025-10-07 22:15:11,813 [ERROR]     File "C:\Users\Ale\Desktop\progetti\FIN - QT\layer.py", line 27, in __init__
2025-10-07 22:15:11,818 [ERROR]       self.add_layer(params[layer_idx][0], params[layer_idx][1])
2025-10-07 22:15:11,820 [ERROR]       ~~~~~~~~~~~~~~^^^^^^^^^^^^^^^^^^^^^^^^^^^^^^^^^^^^^^^^^^^^
2025-10-07 22:15:11,820 [ERROR]     File "C:\Users\Ale\Desktop\progetti\FIN - QT\layer.py", line 52, in add_layer
2025-10-07 22:15:11,820 [ERROR]       raise ValueError(f"Params.size: {params.size}, required angles: {self.num_angles_required_for_layer() / 2}")
2025-10-07 22:15:11,820 [ERROR]   ValueError: Params.size: 12, required angles: 48.0
2025-10-07 22:15:53,091 [INFO]    Workers: 11/12 (fonte: CPU_COUNT)
2025-10-07 22:15:53,411 [INFO]    Workers: 11
2025-10-07 22:15:53,411 [INFO]    Parametri: 240
2025-10-07 22:15:53,411 [INFO]    Max iter: 300
2025-10-07 22:15:53,418 [ERROR] Tipo: ValueError
2025-10-07 22:15:53,418 [ERROR] Messaggio: Params.size: 12, required angles: 48.0
2025-10-07 22:15:53,419 [ERROR]   Traceback (most recent call last):
2025-10-07 22:15:53,419 [ERROR]     File "C:\Users\Ale\Desktop\progetti\FIN - QT\hpc_quantum_training_BEAST_MODE.py", line 232, in main
2025-10-07 22:15:53,420 [ERROR]       train_with_beast_mode_parallelization(logger)
2025-10-07 22:15:53,420 [ERROR]       ~~~~~~~~~~~~~~~~~~~~~~~~~~~~~~~~~~~~~^^^^^^^^
2025-10-07 22:15:53,420 [ERROR]     File "C:\Users\Ale\Desktop\progetti\FIN - QT\hpc_quantum_training_BEAST_MODE.py", line 187, in train_with_beast_mode_parallelization
2025-10-07 22:15:53,420 [ERROR]                   best_params = optimize_parameters_parallel(
2025-10-07 22:15:53,420 [ERROR]                                 ~~~~~~~~~~~~~~~~~~~~~~~~~~~~^
2025-10-07 22:15:53,420 [ERROR]           params_correnti,
2025-10-07 22:15:53,420 [ERROR]           ^^^^^^^^^^^^^^^^
2025-10-07 22:15:53,421 [ERROR]       ...<9 lines>...
2025-10-07 22:15:53,421 [ERROR]           opt_maxfev=OPTIMIZATION_CONFIG.get('opt_maxfev', 50)
2025-10-07 22:15:53,421 [ERROR]           ^^^^^^^^^^^^^^^^^^^^^^^^^^^^^^^^^^^^^^^^^^^^^^^^^^^^
2025-10-07 22:15:53,421 [ERROR]       )
2025-10-07 22:15:53,421 [ERROR]       ^
2025-10-07 22:15:53,421 [ERROR]     File "C:\Users\Ale\Desktop\progetti\FIN - QT\optimization.py", line 513, in optimize_parameters_parallel
2025-10-07 22:15:53,422 [ERROR]       current_loss = builder.create_generalized_circuit(
2025-10-07 22:15:53,422 [ERROR]               psi=states_calculated,
2025-10-07 22:15:53,422 [ERROR]       ...<4 lines>...
2025-10-07 22:15:53,422 [ERROR]               num_layers=num_layers
2025-10-07 22:15:53,422 [ERROR]           )
2025-10-07 22:15:53,422 [ERROR]     File "C:\Users\Ale\Desktop\progetti\FIN - QT\generalized_quantum_circuits.py", line 92, in create_generalized_circuit
2025-10-07 22:15:53,422 [ERROR]       ansatz_v = AnsatzBuilder(self.n_target_qubits, params_v, num_layers)
2025-10-07 22:15:53,423 [ERROR]     File "C:\Users\Ale\Desktop\progetti\FIN - QT\layer.py", line 27, in __init__
2025-10-07 22:15:53,423 [ERROR]       self.add_layer(params[layer_idx][0], params[layer_idx][1])
2025-10-07 22:15:53,423 [ERROR]       ~~~~~~~~~~~~~~^^^^^^^^^^^^^^^^^^^^^^^^^^^^^^^^^^^^^^^^^^^^
2025-10-07 22:15:53,423 [ERROR]     File "C:\Users\Ale\Desktop\progetti\FIN - QT\layer.py", line 52, in add_layer
2025-10-07 22:15:53,423 [ERROR]       raise ValueError(f"Params.size: {params.size}, required angles: {self.num_angles_required_for_layer() / 2}")
2025-10-07 22:15:53,423 [ERROR]   ValueError: Params.size: 12, required angles: 48.0
2025-10-07 22:16:08,289 [INFO]    Workers: 11/12 (fonte: CPU_COUNT)
2025-10-07 22:16:08,603 [INFO]    Workers: 11
2025-10-07 22:16:08,603 [INFO]    Parametri: 960
2025-10-07 22:16:08,603 [INFO]    Max iter: 300
2025-10-07 22:16:41,399 [INFO]    Workers: 11/12 (fonte: CPU_COUNT)
2025-10-07 22:16:41,742 [INFO]    Workers: 11
2025-10-07 22:16:41,742 [INFO]    Parametri: 960
2025-10-07 22:16:41,742 [INFO]    Max iter: 300
2025-10-07 22:19:54,322 [INFO]  BEAST MODE HPC TRAINING STARTED
2025-10-07 22:19:54,323 [INFO]  Workers: 11/12 (CPU_COUNT)
2025-10-07 22:19:54,678 [INFO]  AVVIO TRAINING BEAST MODE
2025-10-07 22:19:54,678 [INFO]    Workers: 11/12 (fonte: CPU_COUNT)
2025-10-07 22:19:54,679 [INFO]  ENCODING COMPLETATO - 8 frasi totali
2025-10-07 22:19:54,682 [INFO]  Xavier initialization completata (std=0.2887)
2025-10-07 22:19:55,000 [INFO]    Workers: 11
2025-10-07 22:19:55,000 [INFO]    Parametri: 960
2025-10-07 22:19:55,000 [INFO]    Max iter: 300
2025-10-07 22:24:33,658 [INFO]  BEAST MODE HPC TRAINING STARTED
2025-10-07 22:24:33,659 [INFO]  Workers: 11/12 (CPU_COUNT)
2025-10-07 22:24:34,063 [INFO]  AVVIO TRAINING BEAST MODE
2025-10-07 22:24:34,064 [INFO]    Workers: 11/12 (fonte: CPU_COUNT)
2025-10-07 22:24:34,065 [INFO]  ENCODING COMPLETATO - 8 frasi totali
2025-10-07 22:24:34,068 [INFO]  Xavier initialization completata (std=0.2887)
2025-10-07 22:24:34,380 [INFO]    Workers: 11
2025-10-07 22:24:34,380 [INFO]    Parametri: 960
2025-10-07 22:24:34,381 [INFO]    Max iter: 300
2025-10-07 22:25:40,440 [INFO]  BEAST MODE HPC TRAINING STARTED
2025-10-07 22:25:40,441 [INFO]  Workers: 11/12 (CPU_COUNT)
2025-10-07 22:25:40,789 [INFO]  AVVIO TRAINING BEAST MODE
2025-10-07 22:25:40,789 [INFO]    Workers: 11/12 (fonte: CPU_COUNT)
2025-10-07 22:25:40,790 [INFO]  ENCODING COMPLETATO - 8 frasi totali
2025-10-07 22:25:40,792 [INFO]  Xavier initialization completata (std=0.2887)
2025-10-07 22:25:41,101 [INFO]    Workers: 11
2025-10-07 22:25:41,101 [INFO]    Parametri: 960
2025-10-07 22:25:41,102 [INFO]    Max iter: 300
2025-10-07 22:27:11,579 [INFO]  BEAST MODE HPC TRAINING STARTED
2025-10-07 22:27:11,580 [INFO]  Workers: 11/12 (CPU_COUNT)
2025-10-07 22:27:11,911 [INFO]  AVVIO TRAINING BEAST MODE
2025-10-07 22:27:11,912 [INFO]    Workers: 11/12 (fonte: CPU_COUNT)
2025-10-07 22:27:11,913 [INFO]  ENCODING COMPLETATO - 8 frasi totali
2025-10-07 22:27:11,915 [INFO]  Xavier initialization completata (std=0.2887)
2025-10-07 22:27:12,233 [INFO]    Workers: 11
2025-10-07 22:27:12,233 [INFO]    Parametri: 960
2025-10-07 22:27:12,233 [INFO]    Max iter: 300
2025-10-07 22:36:24,695 [INFO]  BEAST MODE HPC TRAINING STARTED
2025-10-07 22:36:24,695 [INFO]  Workers: 11/12 (CPU_COUNT)
2025-10-07 22:36:25,312 [INFO]  AVVIO TRAINING BEAST MODE
2025-10-07 22:36:25,312 [INFO]    Workers: 11/12 (fonte: CPU_COUNT)
2025-10-07 22:36:25,314 [INFO]  ENCODING COMPLETATO - 8 frasi totali
2025-10-07 22:36:25,316 [INFO]  Xavier initialization completata (std=0.2887)
2025-10-07 22:36:25,626 [INFO]    Workers: 11
2025-10-07 22:36:25,626 [INFO]    Parametri: 960
2025-10-07 22:36:25,626 [INFO]    Max iter: 300
2025-10-07 22:38:26,654 [INFO]  BEAST MODE HPC TRAINING STARTED
2025-10-07 22:38:26,655 [INFO]  Workers: 11/12 (CPU_COUNT)
2025-10-07 22:38:26,987 [INFO]  AVVIO TRAINING BEAST MODE
2025-10-07 22:38:26,987 [INFO]    Workers: 11/12 (fonte: CPU_COUNT)
2025-10-07 22:38:26,988 [INFO]  ENCODING COMPLETATO - 8 frasi totali
2025-10-07 22:38:26,991 [INFO]  Xavier initialization completata (std=0.2887)
2025-10-07 22:38:27,297 [INFO]    Workers: 11
2025-10-07 22:38:27,298 [INFO]    Parametri: 960
2025-10-07 22:38:27,298 [INFO]    Max iter: 300
2025-10-07 22:39:07,407 [INFO]  BEAST MODE HPC TRAINING STARTED
2025-10-07 22:39:07,408 [INFO]  Workers: 11/12 (CPU_COUNT)
2025-10-07 22:39:07,744 [INFO]  AVVIO TRAINING BEAST MODE
2025-10-07 22:39:07,744 [INFO]    Workers: 11/12 (fonte: CPU_COUNT)
2025-10-07 22:39:07,745 [INFO]  ENCODING COMPLETATO - 8 frasi totali
2025-10-07 22:39:07,748 [INFO]  Xavier initialization completata (std=0.2887)
2025-10-07 22:39:08,057 [INFO]    Workers: 11
2025-10-07 22:39:08,058 [INFO]    Parametri: 960
2025-10-07 22:39:08,058 [INFO]    Max iter: 300
2025-10-07 22:40:22,384 [INFO]  BEAST MODE HPC TRAINING STARTED
2025-10-07 22:40:22,385 [INFO]  Workers: 11/12 (CPU_COUNT)
2025-10-07 22:40:22,819 [INFO]  AVVIO TRAINING BEAST MODE
2025-10-07 22:40:22,819 [INFO]    Workers: 11/12 (fonte: CPU_COUNT)
2025-10-07 22:40:22,820 [INFO]  ENCODING COMPLETATO - 8 frasi totali
2025-10-07 22:40:22,823 [INFO]  Xavier initialization completata (std=0.2887)
2025-10-07 22:40:23,136 [INFO]    Workers: 11
2025-10-07 22:40:23,136 [INFO]    Parametri: 960
2025-10-07 22:40:23,137 [INFO]    Max iter: 300
2025-10-07 22:40:49,027 [INFO]  BEAST MODE HPC TRAINING STARTED
2025-10-07 22:40:49,027 [INFO]  Workers: 11/12 (CPU_COUNT)
2025-10-07 22:40:49,370 [INFO]  AVVIO TRAINING BEAST MODE
2025-10-07 22:40:49,371 [INFO]    Workers: 11/12 (fonte: CPU_COUNT)
2025-10-07 22:40:49,372 [INFO]  ENCODING COMPLETATO - 8 frasi totali
2025-10-07 22:40:49,374 [INFO]  Xavier initialization completata (std=0.2887)
2025-10-07 22:40:49,685 [INFO]    Workers: 11
2025-10-07 22:40:49,685 [INFO]    Parametri: 960
2025-10-07 22:40:49,685 [INFO]    Max iter: 300
2025-10-07 22:43:37,649 [INFO]  BEAST MODE HPC TRAINING STARTED
2025-10-07 22:43:37,649 [INFO]  Workers: 11/12 (CPU_COUNT)
2025-10-07 22:43:38,094 [INFO]  AVVIO TRAINING BEAST MODE
2025-10-07 22:43:38,094 [INFO]    Workers: 11/12 (fonte: CPU_COUNT)
2025-10-07 22:43:38,095 [INFO]  ENCODING COMPLETATO - 8 frasi totali
2025-10-07 22:43:38,098 [INFO]  Xavier initialization completata (std=0.2887)
2025-10-07 22:43:38,439 [INFO]    Workers: 11
2025-10-07 22:43:38,440 [INFO]    Parametri: 960
2025-10-07 22:43:38,440 [INFO]    Max iter: 300
2025-10-07 22:48:07,821 [ERROR]  ERRORE CRITICO DURANTE IL TRAINING
2025-10-07 22:48:07,822 [ERROR] Tipo: AttributeError
2025-10-07 22:48:07,822 [ERROR] Messaggio: type object 'Image' has no attribute 'open'
2025-10-07 22:48:07,824 [ERROR]   Traceback (most recent call last):
2025-10-07 22:48:07,825 [ERROR]     File "C:\Users\Ale\Desktop\progetti\FIN - QT\hpc_quantum_training_BEAST_MODE.py", line 255, in main
2025-10-07 22:48:07,825 [ERROR]       train_with_beast_mode_parallelization(logger)
2025-10-07 22:48:07,825 [ERROR]       ~~~~~~~~~~~~~~~~~~~~~~~~~~~~~~~~~~~~~^^^^^^^^
2025-10-07 22:48:07,825 [ERROR]     File "C:\Users\Ale\Desktop\progetti\FIN - QT\hpc_quantum_training_BEAST_MODE.py", line 188, in train_with_beast_mode_parallelization
2025-10-07 22:48:07,825 [ERROR]                   best_params = optimize_parameters_parallel(
2025-10-07 22:48:07,825 [ERROR]                                 ~~~~~~~~~~~~~~~~~~~~~~~~~~~~^
2025-10-07 22:48:07,826 [ERROR]           params_correnti,
2025-10-07 22:48:07,826 [ERROR]           ^^^^^^^^^^^^^^^^
2025-10-07 22:48:07,826 [ERROR]       ...<10 lines>...
2025-10-07 22:48:07,826 [ERROR]           opt_maxfev=OPTIMIZATION_CONFIG.get('opt_maxfev', 50)
2025-10-07 22:48:07,826 [ERROR]           ^^^^^^^^^^^^^^^^^^^^^^^^^^^^^^^^^^^^^^^^^^^^^^^^^^^^
2025-10-07 22:48:07,827 [ERROR]       )
2025-10-07 22:48:07,827 [ERROR]       ^
2025-10-07 22:48:07,827 [ERROR]     File "C:\Users\Ale\Desktop\progetti\FIN - QT\optimization.py", line 513, in optimize_parameters_parallel
2025-10-07 22:48:07,827 [ERROR]       current_loss = builder.create_generalized_circuit(
2025-10-07 22:48:07,828 [ERROR]               psi=states_calculated,
2025-10-07 22:48:07,828 [ERROR]       ...<4 lines>...
2025-10-07 22:48:07,828 [ERROR]               num_layers=num_layers
2025-10-07 22:48:07,828 [ERROR]           )
2025-10-07 22:48:07,828 [ERROR]     File "C:\Users\Ale\Desktop\progetti\FIN - QT\generalized_quantum_circuits.py", line 128, in create_generalized_circuit
2025-10-07 22:48:07,829 [ERROR]       Image.open(img_path).show()
2025-10-07 22:48:07,829 [ERROR]       ^^^^^^^^^^
2025-10-07 22:48:07,829 [ERROR]   AttributeError: type object 'Image' has no attribute 'open'
2025-10-07 23:11:36,447 [INFO]  BEAST MODE HPC TRAINING STARTED
2025-10-07 23:11:36,448 [INFO]  Workers: 11/12 (CPU_COUNT)
2025-10-07 23:11:39,214 [INFO]  AVVIO TRAINING BEAST MODE
2025-10-07 23:11:39,214 [INFO]    Workers: 11/12 (fonte: CPU_COUNT)
2025-10-07 23:11:39,215 [INFO]  ENCODING COMPLETATO - 8 frasi totali
2025-10-07 23:11:39,217 [INFO]  Xavier initialization completata (std=0.2887)
2025-10-07 23:11:39,536 [INFO]    Workers: 11
2025-10-07 23:11:39,536 [INFO]    Parametri: 960
2025-10-07 23:11:39,537 [INFO]    Max iter: 300
2025-10-07 23:16:36,911 [ERROR]  ERRORE CRITICO DURANTE IL TRAINING
2025-10-07 23:16:36,913 [ERROR] Tipo: AttributeError
2025-10-07 23:16:36,913 [ERROR] Messaggio: type object 'Image' has no attribute 'open'
2025-10-07 23:16:36,928 [ERROR]   Traceback (most recent call last):
2025-10-07 23:16:36,929 [ERROR]     File "C:\Users\Ale\Desktop\progetti\FIN - QT\hpc_quantum_training_BEAST_MODE.py", line 255, in main
2025-10-07 23:16:36,929 [ERROR]       train_with_beast_mode_parallelization(logger)
2025-10-07 23:16:36,929 [ERROR]       ~~~~~~~~~~~~~~~~~~~~~~~~~~~~~~~~~~~~~^^^^^^^^
2025-10-07 23:16:36,930 [ERROR]     File "C:\Users\Ale\Desktop\progetti\FIN - QT\hpc_quantum_training_BEAST_MODE.py", line 188, in train_with_beast_mode_parallelization
2025-10-07 23:16:36,930 [ERROR]                   best_params = optimize_parameters_parallel(
2025-10-07 23:16:36,930 [ERROR]                                 ~~~~~~~~~~~~~~~~~~~~~~~~~~~~^
2025-10-07 23:16:36,930 [ERROR]           params_correnti,
2025-10-07 23:16:36,930 [ERROR]           ^^^^^^^^^^^^^^^^
2025-10-07 23:16:36,931 [ERROR]       ...<10 lines>...
2025-10-07 23:16:36,931 [ERROR]           opt_maxfev=OPTIMIZATION_CONFIG.get('opt_maxfev', 50)
2025-10-07 23:16:36,931 [ERROR]           ^^^^^^^^^^^^^^^^^^^^^^^^^^^^^^^^^^^^^^^^^^^^^^^^^^^^
2025-10-07 23:16:36,931 [ERROR]       )
2025-10-07 23:16:36,931 [ERROR]       ^
2025-10-07 23:16:36,932 [ERROR]     File "C:\Users\Ale\Desktop\progetti\FIN - QT\optimization.py", line 513, in optimize_parameters_parallel
2025-10-07 23:16:36,932 [ERROR]       current_loss = builder.create_generalized_circuit(
2025-10-07 23:16:36,932 [ERROR]               psi=states_calculated,
2025-10-07 23:16:36,933 [ERROR]       ...<4 lines>...
2025-10-07 23:16:36,933 [ERROR]               num_layers=num_layers
2025-10-07 23:16:36,933 [ERROR]           )
2025-10-07 23:16:36,933 [ERROR]     File "C:\Users\Ale\Desktop\progetti\FIN - QT\generalized_quantum_circuits.py", line 128, in create_generalized_circuit
2025-10-07 23:16:36,933 [ERROR]       Image.open(img_path).show()
2025-10-07 23:16:36,934 [ERROR]       ^^^^^^^^^^
2025-10-07 23:16:36,934 [ERROR]   AttributeError: type object 'Image' has no attribute 'open'
2025-10-07 23:17:47,878 [INFO]  BEAST MODE HPC TRAINING STARTED
2025-10-07 23:17:47,878 [INFO]  Workers: 11/12 (CPU_COUNT)
2025-10-07 23:17:48,271 [INFO]  AVVIO TRAINING BEAST MODE
2025-10-07 23:17:48,271 [INFO]    Workers: 11/12 (fonte: CPU_COUNT)
2025-10-07 23:17:48,272 [INFO]  ENCODING COMPLETATO - 8 frasi totali
2025-10-07 23:17:48,274 [INFO]  Xavier initialization completata (std=0.2887)
2025-10-07 23:17:48,598 [INFO]    Workers: 11
2025-10-07 23:17:48,598 [INFO]    Parametri: 960
2025-10-07 23:17:48,598 [INFO]    Max iter: 300
2025-10-07 23:22:39,447 [ERROR]  ERRORE CRITICO DURANTE IL TRAINING
2025-10-07 23:22:39,448 [ERROR] Tipo: ValueError
2025-10-07 23:22:39,449 [ERROR] Messaggio: cannot reshape array of size 480 into shape (5,2,1,4,3)
2025-10-07 23:22:39,452 [ERROR]   multiprocessing.pool.RemoteTraceback: 
2025-10-07 23:22:39,453 [ERROR]   """
2025-10-07 23:22:39,453 [ERROR]   Traceback (most recent call last):
2025-10-07 23:22:39,453 [ERROR]     File "C:\Python313\Lib\multiprocessing\pool.py", line 125, in worker
2025-10-07 23:22:39,454 [ERROR]       result = (True, func(*args, **kwds))
2025-10-07 23:22:39,454 [ERROR]                       ~~~~^^^^^^^^^^^^^^^
2025-10-07 23:22:39,455 [ERROR]     File "C:\Python313\Lib\multiprocessing\pool.py", line 48, in mapstar
2025-10-07 23:22:39,455 [ERROR]       return list(map(*args))
2025-10-07 23:22:39,455 [ERROR]     File "C:\Users\Ale\Desktop\progetti\FIN - QT\quantum_parallel_units.py", line 33, in compute_gradient_batch
2025-10-07 23:22:39,456 [ERROR]       grad = _compute_single_gradient_component(idx, params, shift, states_calc, U, Z, num_layers, dim, circuit_func)
2025-10-07 23:22:39,456 [ERROR]     File "C:\Users\Ale\Desktop\progetti\FIN - QT\quantum_mpi_utils.py", line 223, in _compute_single_gradient_component
2025-10-07 23:22:39,456 [ERROR]       pV_plus = params_plus[:n_params_single].reshape(param_shape)
2025-10-07 23:22:39,457 [ERROR]   ValueError: cannot reshape array of size 480 into shape (5,2,1,4,3)
2025-10-07 23:22:39,457 [ERROR]   """
2025-10-07 23:22:39,457 [ERROR]   
2025-10-07 23:22:39,457 [ERROR]   The above exception was the direct cause of the following exception:
2025-10-07 23:22:39,458 [ERROR]   
2025-10-07 23:22:39,458 [ERROR]   Traceback (most recent call last):
2025-10-07 23:22:39,458 [ERROR]     File "C:\Users\Ale\Desktop\progetti\FIN - QT\hpc_quantum_training_BEAST_MODE.py", line 255, in main
2025-10-07 23:22:39,459 [ERROR]       logger.info(f" Workers: {max_workers}/{total_cpus} ({source})")
2025-10-07 23:22:39,459 [ERROR]       ^^^^^^^^^^^^^^^^^^^^^^^^^^^^^^^^^^^^^^^^^^^
2025-10-07 23:22:39,459 [ERROR]     File "C:\Users\Ale\Desktop\progetti\FIN - QT\hpc_quantum_training_BEAST_MODE.py", line 188, in train_with_beast_mode_parallelization
2025-10-07 23:22:39,459 [ERROR]                   best_params = optimize_parameters_parallel(
2025-10-07 23:22:39,460 [ERROR]                                 ~~~~~~~~~~~~~~~~~~~~~~~~~~~~^
2025-10-07 23:22:39,460 [ERROR]           params_correnti,
2025-10-07 23:22:39,460 [ERROR]           ^^^^^^^^^^^^^^^^
2025-10-07 23:22:39,460 [ERROR]       ...<10 lines>...
2025-10-07 23:22:39,461 [ERROR]           opt_maxfev=OPTIMIZATION_CONFIG.get('opt_maxfev', 50)
2025-10-07 23:22:39,461 [ERROR]           ^^^^^^^^^^^^^^^^^^^^^^^^^^^^^^^^^^^^^^^^^^^^^^^^^^^^
2025-10-07 23:22:39,461 [ERROR]       )
2025-10-07 23:22:39,461 [ERROR]       ^
2025-10-07 23:22:39,462 [ERROR]     File "C:\Users\Ale\Desktop\progetti\FIN - QT\optimization.py", line 528, in optimize_parameters_parallel
2025-10-07 23:22:39,462 [ERROR]       results = pool.map(compute_gradient_batch, batch_tasks)
2025-10-07 23:22:39,462 [ERROR]     File "C:\Python313\Lib\multiprocessing\pool.py", line 367, in map
2025-10-07 23:22:39,462 [ERROR]       return self._map_async(func, iterable, mapstar, chunksize).get()
2025-10-07 23:22:39,463 [ERROR]              ~~~~~~~~~~~~~~~~~~~~~~~~~~~~~~~~~~~~~~~~~~~~~~~~~~~~~~~^^
2025-10-07 23:22:39,463 [ERROR]     File "C:\Python313\Lib\multiprocessing\pool.py", line 774, in get
2025-10-07 23:22:39,463 [ERROR]       raise self._value
2025-10-07 23:22:39,463 [ERROR]   ValueError: cannot reshape array of size 480 into shape (5,2,1,4,3)
2025-10-07 23:26:10,712 [INFO]  BEAST MODE HPC LOGGING ATTIVO (UTF-8)
2025-10-07 23:26:10,713 [INFO]  BEAST MODE HPC TRAINING STARTED
2025-10-07 23:26:10,713 [INFO]  Workers: 11/12 (CPU_COUNT)
2025-10-07 23:26:11,112 [INFO]  AVVIO TRAINING BEAST MODE
2025-10-07 23:26:11,112 [INFO]    Workers: 11/12 (fonte: CPU_COUNT)
2025-10-07 23:26:11,113 [INFO]  ENCODING COMPLETATO - 8 frasi totali
2025-10-07 23:26:11,116 [INFO]  Xavier initialization completata (std=0.2887)
2025-10-07 23:26:11,455 [INFO]  BEAST MODE OPTIMIZATION START
2025-10-07 23:26:11,455 [INFO]    Workers: 11
2025-10-07 23:26:11,455 [INFO]    Parametri: 960
2025-10-07 23:26:11,455 [INFO]    Max iter: 300
2025-10-07 23:26:11,456 [INFO]  Adam optimizer: lr=0.001, 1=0.9, 2=0.999
2025-10-07 23:26:11,456 [INFO]  Suddivisione in 20 batch
2025-10-07 23:30:58,943 [ERROR]  ERRORE CRITICO DURANTE IL TRAINING
2025-10-07 23:30:58,944 [ERROR] Tipo: ValueError
2025-10-07 23:30:58,945 [ERROR] Messaggio: cannot reshape array of size 480 into shape (5,2,1,4,3)
2025-10-07 23:30:58,948 [ERROR]   multiprocessing.pool.RemoteTraceback: 
2025-10-07 23:30:58,948 [ERROR]   """
2025-10-07 23:30:58,949 [ERROR]   Traceback (most recent call last):
2025-10-07 23:30:58,949 [ERROR]     File "C:\Python313\Lib\multiprocessing\pool.py", line 125, in worker
2025-10-07 23:30:58,949 [ERROR]       result = (True, func(*args, **kwds))
2025-10-07 23:30:58,949 [ERROR]                       ~~~~^^^^^^^^^^^^^^^
2025-10-07 23:30:58,950 [ERROR]     File "C:\Python313\Lib\multiprocessing\pool.py", line 48, in mapstar
2025-10-07 23:30:58,950 [ERROR]       return list(map(*args))
2025-10-07 23:30:58,950 [ERROR]     File "C:\Users\Ale\Desktop\progetti\FIN - QT\quantum_parallel_units.py", line 33, in compute_gradient_batch
2025-10-07 23:30:58,950 [ERROR]       grad = _compute_single_gradient_component(idx, params, shift, states_calc, U, Z, num_layers, dim, circuit_func)
2025-10-07 23:30:58,951 [ERROR]     File "C:\Users\Ale\Desktop\progetti\FIN - QT\quantum_mpi_utils.py", line 223, in _compute_single_gradient_component
2025-10-07 23:30:58,951 [ERROR]       pV_plus = params_plus[:n_params_single].reshape(param_shape)
2025-10-07 23:30:58,951 [ERROR]   ValueError: cannot reshape array of size 480 into shape (5,2,1,4,3)
2025-10-07 23:30:58,951 [ERROR]   """
2025-10-07 23:30:58,951 [ERROR]   
2025-10-07 23:30:58,952 [ERROR]   The above exception was the direct cause of the following exception:
2025-10-07 23:30:58,952 [ERROR]   
2025-10-07 23:30:58,952 [ERROR]   Traceback (most recent call last):
2025-10-07 23:30:58,952 [ERROR]     File "C:\Users\Ale\Desktop\progetti\FIN - QT\hpc_quantum_training_BEAST_MODE.py", line 258, in main
2025-10-07 23:30:58,953 [ERROR]       train_with_beast_mode_parallelization(logger)
2025-10-07 23:30:58,953 [ERROR]       ~~~~~~~~~~~~~~~~~~~~~~~~~~~~~~~~~~~~~^^^^^^^^
2025-10-07 23:30:58,956 [ERROR]     File "C:\Users\Ale\Desktop\progetti\FIN - QT\hpc_quantum_training_BEAST_MODE.py", line 188, in train_with_beast_mode_parallelization
2025-10-07 23:30:58,956 [ERROR]                   best_params = optimize_parameters_parallel(
2025-10-07 23:30:58,957 [ERROR]                                 ~~~~~~~~~~~~~~~~~~~~~~~~~~~~^
2025-10-07 23:30:58,957 [ERROR]           params_correnti,
2025-10-07 23:30:58,957 [ERROR]           ^^^^^^^^^^^^^^^^
2025-10-07 23:30:58,958 [ERROR]       ...<10 lines>...
2025-10-07 23:30:58,958 [ERROR]           opt_maxfev=OPTIMIZATION_CONFIG.get('opt_maxfev', 50)
2025-10-07 23:30:58,958 [ERROR]           ^^^^^^^^^^^^^^^^^^^^^^^^^^^^^^^^^^^^^^^^^^^^^^^^^^^^
2025-10-07 23:30:58,958 [ERROR]       )
2025-10-07 23:30:58,958 [ERROR]       ^
2025-10-07 23:30:58,959 [ERROR]     File "C:\Users\Ale\Desktop\progetti\FIN - QT\optimization.py", line 528, in optimize_parameters_parallel
2025-10-07 23:30:58,959 [ERROR]       results = pool.map(compute_gradient_batch, batch_tasks)
2025-10-07 23:30:58,959 [ERROR]     File "C:\Python313\Lib\multiprocessing\pool.py", line 367, in map
2025-10-07 23:30:58,959 [ERROR]       return self._map_async(func, iterable, mapstar, chunksize).get()
2025-10-07 23:30:58,960 [ERROR]              ~~~~~~~~~~~~~~~~~~~~~~~~~~~~~~~~~~~~~~~~~~~~~~~~~~~~~~~^^
2025-10-07 23:30:58,960 [ERROR]     File "C:\Python313\Lib\multiprocessing\pool.py", line 774, in get
2025-10-07 23:30:58,960 [ERROR]       raise self._value
2025-10-07 23:30:58,960 [ERROR]   ValueError: cannot reshape array of size 480 into shape (5,2,1,4,3)
2025-10-07 23:36:29,643 [INFO]  BEAST MODE HPC LOGGING ATTIVO (UTF-8)
2025-10-07 23:36:29,643 [INFO]  BEAST MODE HPC TRAINING STARTED
2025-10-07 23:36:29,644 [INFO]  Workers: 11/12 (CPU_COUNT)
2025-10-07 23:36:30,039 [INFO]  AVVIO TRAINING BEAST MODE
2025-10-07 23:36:30,040 [INFO]    Workers: 11/12 (fonte: CPU_COUNT)
2025-10-07 23:36:30,041 [INFO]  ENCODING COMPLETATO - 8 frasi totali
2025-10-07 23:36:30,044 [INFO]  Xavier initialization completata (std=0.2887)
2025-10-07 23:36:30,372 [INFO]  BEAST MODE OPTIMIZATION START
2025-10-07 23:36:30,373 [INFO]    Workers: 11
2025-10-07 23:36:30,373 [INFO]    Parametri: 960
2025-10-07 23:36:30,373 [INFO]    Max iter: 300
2025-10-07 23:36:30,373 [INFO]  Adam optimizer: lr=0.001, 1=0.9, 2=0.999
2025-10-07 23:36:30,374 [INFO]  Suddivisione in 20 batch
2025-10-07 23:41:15,816 [ERROR]  ERRORE CRITICO DURANTE IL TRAINING
2025-10-07 23:41:15,817 [ERROR] Tipo: ValueError
2025-10-07 23:41:15,817 [ERROR] Messaggio: cannot reshape array of size 480 into shape (5,2,1,4,3)
2025-10-07 23:41:15,853 [ERROR]   multiprocessing.pool.RemoteTraceback: 
2025-10-07 23:41:15,854 [ERROR]   """
2025-10-07 23:41:15,854 [ERROR]   Traceback (most recent call last):
2025-10-07 23:41:15,854 [ERROR]     File "C:\Python313\Lib\multiprocessing\pool.py", line 125, in worker
2025-10-07 23:41:15,854 [ERROR]       result = (True, func(*args, **kwds))
2025-10-07 23:41:15,854 [ERROR]                       ~~~~^^^^^^^^^^^^^^^
2025-10-07 23:41:15,855 [ERROR]     File "C:\Python313\Lib\multiprocessing\pool.py", line 48, in mapstar
2025-10-07 23:41:15,855 [ERROR]       return list(map(*args))
2025-10-07 23:41:15,855 [ERROR]     File "C:\Users\Ale\Desktop\progetti\FIN - QT\quantum_parallel_units.py", line 33, in compute_gradient_batch
2025-10-07 23:41:15,855 [ERROR]       grad = _compute_single_gradient_component(idx, params, shift, states_calc, U, Z, num_layers, dim, circuit_func)
2025-10-07 23:41:15,856 [ERROR]     File "C:\Users\Ale\Desktop\progetti\FIN - QT\quantum_mpi_utils.py", line 223, in _compute_single_gradient_component
2025-10-07 23:41:15,856 [ERROR]       pV_plus = params_plus[:n_params_single].reshape(param_shape)
2025-10-07 23:41:15,856 [ERROR]   ValueError: cannot reshape array of size 480 into shape (5,2,1,4,3)
2025-10-07 23:41:15,856 [ERROR]   """
2025-10-07 23:41:15,857 [ERROR]   
2025-10-07 23:41:15,857 [ERROR]   The above exception was the direct cause of the following exception:
2025-10-07 23:41:15,857 [ERROR]   
2025-10-07 23:41:15,858 [ERROR]   Traceback (most recent call last):
2025-10-07 23:41:15,858 [ERROR]     File "C:\Users\Ale\Desktop\progetti\FIN - QT\hpc_quantum_training_BEAST_MODE.py", line 258, in main
2025-10-07 23:41:15,858 [ERROR]       train_with_beast_mode_parallelization(logger)
2025-10-07 23:41:15,859 [ERROR]       ~~~~~~~~~~~~~~~~~~~~~~~~~~~~~~~~~~~~~^^^^^^^^
2025-10-07 23:41:15,859 [ERROR]     File "C:\Users\Ale\Desktop\progetti\FIN - QT\hpc_quantum_training_BEAST_MODE.py", line 188, in train_with_beast_mode_parallelization
2025-10-07 23:41:15,859 [ERROR]                   best_params = optimize_parameters_parallel(
2025-10-07 23:41:15,859 [ERROR]                                 ~~~~~~~~~~~~~~~~~~~~~~~~~~~~^
2025-10-07 23:41:15,859 [ERROR]           params_correnti,
2025-10-07 23:41:15,860 [ERROR]           ^^^^^^^^^^^^^^^^
2025-10-07 23:41:15,860 [ERROR]       ...<10 lines>...
2025-10-07 23:41:15,860 [ERROR]           opt_maxfev=OPTIMIZATION_CONFIG.get('opt_maxfev', 50)
2025-10-07 23:41:15,860 [ERROR]           ^^^^^^^^^^^^^^^^^^^^^^^^^^^^^^^^^^^^^^^^^^^^^^^^^^^^
2025-10-07 23:41:15,860 [ERROR]       )
2025-10-07 23:41:15,861 [ERROR]       ^
2025-10-07 23:41:15,861 [ERROR]     File "C:\Users\Ale\Desktop\progetti\FIN - QT\optimization.py", line 528, in optimize_parameters_parallel
2025-10-07 23:41:15,861 [ERROR]       ]
2025-10-07 23:41:15,861 [ERROR]       
2025-10-07 23:41:15,861 [ERROR]     File "C:\Python313\Lib\multiprocessing\pool.py", line 367, in map
2025-10-07 23:41:15,862 [ERROR]       return self._map_async(func, iterable, mapstar, chunksize).get()
2025-10-07 23:41:15,862 [ERROR]              ~~~~~~~~~~~~~~~~~~~~~~~~~~~~~~~~~~~~~~~~~~~~~~~~~~~~~~~^^
2025-10-07 23:41:15,862 [ERROR]     File "C:\Python313\Lib\multiprocessing\pool.py", line 774, in get
2025-10-07 23:41:15,862 [ERROR]       raise self._value
2025-10-07 23:41:15,862 [ERROR]   ValueError: cannot reshape array of size 480 into shape (5,2,1,4,3)
2025-10-08 17:47:08,126 [INFO]  BEAST MODE HPC LOGGING ATTIVO (UTF-8)
2025-10-08 17:47:08,127 [INFO]  BEAST MODE HPC TRAINING STARTED
2025-10-08 17:47:08,128 [INFO]  Workers: 11/12 (CPU_COUNT)
2025-10-08 17:47:11,762 [INFO]  AVVIO TRAINING BEAST MODE
2025-10-08 17:47:11,762 [INFO]    Workers: 11/12 (fonte: CPU_COUNT)
2025-10-08 17:47:11,765 [INFO]  ENCODING COMPLETATO - 8 frasi totali
2025-10-08 17:47:11,772 [INFO]  Xavier initialization completata (std=0.2887)
2025-10-08 17:47:12,412 [INFO]  BEAST MODE OPTIMIZATION START
2025-10-08 17:47:12,413 [INFO]    Workers: 11
2025-10-08 17:47:12,413 [INFO]    Parametri: 960
2025-10-08 17:47:12,414 [INFO]    Max iter: 300
2025-10-08 17:47:12,414 [INFO]  Adam optimizer: lr=0.001, 1=0.9, 2=0.999
2025-10-08 17:47:12,414 [INFO]  Suddivisione in 20 batch
2025-10-08 17:51:05,693 [INFO]  BEAST MODE HPC LOGGING ATTIVO (UTF-8)
2025-10-08 17:51:05,693 [INFO]  BEAST MODE HPC TRAINING STARTED
2025-10-08 17:51:05,693 [INFO]  Workers: 11/12 (CPU_COUNT)
2025-10-08 17:51:06,055 [INFO]  AVVIO TRAINING BEAST MODE
2025-10-08 17:51:06,055 [INFO]    Workers: 11/12 (fonte: CPU_COUNT)
2025-10-08 17:51:06,056 [INFO]  ENCODING COMPLETATO - 8 frasi totali
2025-10-08 17:51:06,059 [INFO]  Xavier initialization completata (std=0.2887)
2025-10-08 17:51:06,372 [INFO]  BEAST MODE OPTIMIZATION START
2025-10-08 17:51:06,372 [INFO]    Workers: 11
2025-10-08 17:51:06,373 [INFO]    Parametri: 960
2025-10-08 17:51:06,373 [INFO]    Max iter: 300
2025-10-08 17:51:06,373 [INFO]  Adam optimizer: lr=0.001, 1=0.9, 2=0.999
2025-10-08 17:51:06,373 [INFO]  Suddivisione in 20 batch
2025-10-08 17:51:51,111 [INFO]  BEAST MODE HPC LOGGING ATTIVO (UTF-8)
2025-10-08 17:51:51,111 [INFO]  BEAST MODE HPC TRAINING STARTED
2025-10-08 17:51:51,112 [INFO]  Workers: 11/12 (CPU_COUNT)
2025-10-08 17:51:51,469 [INFO]  AVVIO TRAINING BEAST MODE
2025-10-08 17:51:51,469 [INFO]    Workers: 11/12 (fonte: CPU_COUNT)
2025-10-08 17:51:51,470 [INFO]  ENCODING COMPLETATO - 8 frasi totali
2025-10-08 17:51:51,473 [INFO]  Xavier initialization completata (std=0.2887)
2025-10-08 17:51:51,773 [INFO]  BEAST MODE OPTIMIZATION START
2025-10-08 17:51:51,773 [INFO]    Workers: 11
2025-10-08 17:51:51,773 [INFO]    Parametri: 960
2025-10-08 17:51:51,774 [INFO]    Max iter: 300
2025-10-08 17:51:51,774 [INFO]  Adam optimizer: lr=0.001, 1=0.9, 2=0.999
2025-10-08 17:51:51,774 [INFO]  Suddivisione in 20 batch
2025-10-08 17:56:41,135 [ERROR]  ERRORE CRITICO DURANTE IL TRAINING
2025-10-08 17:56:41,136 [ERROR] Tipo: ValueError
2025-10-08 17:56:41,136 [ERROR] Messaggio: cannot reshape array of size 480 into shape (5,2,1,4,3)
2025-10-08 17:56:41,153 [ERROR]   multiprocessing.pool.RemoteTraceback: 
2025-10-08 17:56:41,153 [ERROR]   """
2025-10-08 17:56:41,154 [ERROR]   Traceback (most recent call last):
2025-10-08 17:56:41,154 [ERROR]     File "C:\Python313\Lib\multiprocessing\pool.py", line 125, in worker
2025-10-08 17:56:41,154 [ERROR]       result = (True, func(*args, **kwds))
2025-10-08 17:56:41,154 [ERROR]                       ~~~~^^^^^^^^^^^^^^^
2025-10-08 17:56:41,155 [ERROR]     File "C:\Python313\Lib\multiprocessing\pool.py", line 48, in mapstar
2025-10-08 17:56:41,155 [ERROR]       return list(map(*args))
2025-10-08 17:56:41,155 [ERROR]     File "C:\Users\Ale\Desktop\progetti\FIN - QT\quantum_parallel_units.py", line 33, in compute_gradient_batch
2025-10-08 17:56:41,156 [ERROR]       grad = _compute_single_gradient_component(idx, params, shift, states_calc, U, Z, num_layers, dim, circuit_func)
2025-10-08 17:56:41,156 [ERROR]     File "C:\Users\Ale\Desktop\progetti\FIN - QT\quantum_mpi_utils.py", line 223, in _compute_single_gradient_component
2025-10-08 17:56:41,156 [ERROR]       pV_plus = params_plus[:n_params_single].reshape(param_shape)
2025-10-08 17:56:41,157 [ERROR]   ValueError: cannot reshape array of size 480 into shape (5,2,1,4,3)
2025-10-08 17:56:41,157 [ERROR]   """
2025-10-08 17:56:41,157 [ERROR]   
2025-10-08 17:56:41,157 [ERROR]   The above exception was the direct cause of the following exception:
2025-10-08 17:56:41,158 [ERROR]   
2025-10-08 17:56:41,158 [ERROR]   Traceback (most recent call last):
2025-10-08 17:56:41,158 [ERROR]     File "C:\Users\Ale\Desktop\progetti\FIN - QT\hpc_quantum_training_BEAST_MODE.py", line 258, in main
2025-10-08 17:56:41,158 [ERROR]       train_with_beast_mode_parallelization(logger)
2025-10-08 17:56:41,158 [ERROR]       ~~~~~~~~~~~~~~~~~~~~~~~~~~~~~~~~~~~~~^^^^^^^^
2025-10-08 17:56:41,159 [ERROR]     File "C:\Users\Ale\Desktop\progetti\FIN - QT\hpc_quantum_training_BEAST_MODE.py", line 188, in train_with_beast_mode_parallelization
2025-10-08 17:56:41,159 [ERROR]                   best_params = optimize_parameters_parallel(
2025-10-08 17:56:41,159 [ERROR]                                 ~~~~~~~~~~~~~~~~~~~~~~~~~~~~^
2025-10-08 17:56:41,159 [ERROR]           params_correnti,
2025-10-08 17:56:41,160 [ERROR]           ^^^^^^^^^^^^^^^^
2025-10-08 17:56:41,160 [ERROR]       ...<10 lines>...
2025-10-08 17:56:41,160 [ERROR]           opt_maxfev=OPTIMIZATION_CONFIG.get('opt_maxfev', 50)
2025-10-08 17:56:41,160 [ERROR]           ^^^^^^^^^^^^^^^^^^^^^^^^^^^^^^^^^^^^^^^^^^^^^^^^^^^^
2025-10-08 17:56:41,161 [ERROR]       )
2025-10-08 17:56:41,161 [ERROR]       ^
2025-10-08 17:56:41,161 [ERROR]     File "C:\Users\Ale\Desktop\progetti\FIN - QT\optimization.py", line 531, in optimize_parameters_parallel
2025-10-08 17:56:41,161 [ERROR]       results = pool.map(compute_gradient_batch, batch_tasks)
2025-10-08 17:56:41,162 [ERROR]     File "C:\Python313\Lib\multiprocessing\pool.py", line 367, in map
2025-10-08 17:56:41,162 [ERROR]       return self._map_async(func, iterable, mapstar, chunksize).get()
2025-10-08 17:56:41,162 [ERROR]              ~~~~~~~~~~~~~~~~~~~~~~~~~~~~~~~~~~~~~~~~~~~~~~~~~~~~~~~^^
2025-10-08 17:56:41,162 [ERROR]     File "C:\Python313\Lib\multiprocessing\pool.py", line 774, in get
2025-10-08 17:56:41,162 [ERROR]       raise self._value
2025-10-08 17:56:41,163 [ERROR]   ValueError: cannot reshape array of size 480 into shape (5,2,1,4,3)
2025-10-08 17:59:21,267 [INFO]  BEAST MODE HPC LOGGING ATTIVO (UTF-8)
2025-10-08 17:59:21,267 [INFO]  BEAST MODE HPC TRAINING STARTED
2025-10-08 17:59:21,268 [INFO]  Workers: 11/12 (CPU_COUNT)
2025-10-08 17:59:24,447 [INFO]  AVVIO TRAINING BEAST MODE
2025-10-08 17:59:24,447 [INFO]    Workers: 11/12 (fonte: CPU_COUNT)
2025-10-08 17:59:24,449 [INFO]  ENCODING COMPLETATO - 8 frasi totali
2025-10-08 17:59:24,451 [INFO]  Xavier initialization completata (std=0.2887)
2025-10-08 17:59:24,780 [INFO]  BEAST MODE OPTIMIZATION START
2025-10-08 17:59:24,780 [INFO]    Workers: 11
2025-10-08 17:59:24,780 [INFO]    Parametri: 960
2025-10-08 17:59:24,781 [INFO]    Max iter: 300
2025-10-08 17:59:24,781 [INFO]  Adam optimizer: lr=0.001, 1=0.9, 2=0.999
2025-10-08 17:59:24,781 [INFO]  Suddivisione in 20 batch
2025-10-08 18:04:24,396 [ERROR]  ERRORE CRITICO DURANTE IL TRAINING
2025-10-08 18:04:24,397 [ERROR] Tipo: ValueError
2025-10-08 18:04:24,397 [ERROR] Messaggio: cannot reshape array of size 480 into shape (5,2,1,4,3)
2025-10-08 18:04:24,400 [ERROR]   multiprocessing.pool.RemoteTraceback: 
2025-10-08 18:04:24,401 [ERROR]   """
2025-10-08 18:04:24,401 [ERROR]   Traceback (most recent call last):
2025-10-08 18:04:24,401 [ERROR]     File "C:\Python313\Lib\multiprocessing\pool.py", line 125, in worker
2025-10-08 18:04:24,401 [ERROR]       result = (True, func(*args, **kwds))
2025-10-08 18:04:24,402 [ERROR]                       ~~~~^^^^^^^^^^^^^^^
2025-10-08 18:04:24,402 [ERROR]     File "C:\Python313\Lib\multiprocessing\pool.py", line 48, in mapstar
2025-10-08 18:04:24,402 [ERROR]       return list(map(*args))
2025-10-08 18:04:24,402 [ERROR]     File "C:\Users\Ale\Desktop\progetti\FIN - QT\quantum_parallel_units.py", line 33, in compute_gradient_batch
2025-10-08 18:04:24,403 [ERROR]       grad = _compute_single_gradient_component(idx, params, shift, states_calc, U, Z, num_layers, dim, circuit_func)
2025-10-08 18:04:24,403 [ERROR]     File "C:\Users\Ale\Desktop\progetti\FIN - QT\quantum_mpi_utils.py", line 223, in _compute_single_gradient_component
2025-10-08 18:04:24,403 [ERROR]       pV_plus = params_plus[:n_params_single].reshape(param_shape)
2025-10-08 18:04:24,404 [ERROR]   ValueError: cannot reshape array of size 480 into shape (5,2,1,4,3)
2025-10-08 18:04:24,404 [ERROR]   """
2025-10-08 18:04:24,404 [ERROR]   
2025-10-08 18:04:24,405 [ERROR]   The above exception was the direct cause of the following exception:
2025-10-08 18:04:24,405 [ERROR]   
2025-10-08 18:04:24,405 [ERROR]   Traceback (most recent call last):
2025-10-08 18:04:24,406 [ERROR]     File "C:\Users\Ale\Desktop\progetti\FIN - QT\hpc_quantum_training_BEAST_MODE.py", line 258, in main
2025-10-08 18:04:24,406 [ERROR]       train_with_beast_mode_parallelization(logger)
2025-10-08 18:04:24,407 [ERROR]       ~~~~~~~~~~~~~~~~~~~~~~~~~~~~~~~~~~~~~^^^^^^^^
2025-10-08 18:04:24,407 [ERROR]     File "C:\Users\Ale\Desktop\progetti\FIN - QT\hpc_quantum_training_BEAST_MODE.py", line 188, in train_with_beast_mode_parallelization
2025-10-08 18:04:24,407 [ERROR]                   best_params = optimize_parameters_parallel(
2025-10-08 18:04:24,407 [ERROR]                                 ~~~~~~~~~~~~~~~~~~~~~~~~~~~~^
2025-10-08 18:04:24,408 [ERROR]           params_correnti,
2025-10-08 18:04:24,408 [ERROR]           ^^^^^^^^^^^^^^^^
2025-10-08 18:04:24,408 [ERROR]       ...<10 lines>...
2025-10-08 18:04:24,408 [ERROR]           opt_maxfev=OPTIMIZATION_CONFIG.get('opt_maxfev', 50)
2025-10-08 18:04:24,409 [ERROR]           ^^^^^^^^^^^^^^^^^^^^^^^^^^^^^^^^^^^^^^^^^^^^^^^^^^^^
2025-10-08 18:04:24,409 [ERROR]       )
2025-10-08 18:04:24,409 [ERROR]       ^
2025-10-08 18:04:24,409 [ERROR]     File "C:\Users\Ale\Desktop\progetti\FIN - QT\optimization.py", line 531, in optimize_parameters_parallel
2025-10-08 18:04:24,410 [ERROR]       results = pool.map(compute_gradient_batch, batch_tasks)
2025-10-08 18:04:24,410 [ERROR]     File "C:\Python313\Lib\multiprocessing\pool.py", line 367, in map
2025-10-08 18:04:24,410 [ERROR]       return self._map_async(func, iterable, mapstar, chunksize).get()
2025-10-08 18:04:24,411 [ERROR]              ~~~~~~~~~~~~~~~~~~~~~~~~~~~~~~~~~~~~~~~~~~~~~~~~~~~~~~~^^
2025-10-08 18:04:24,411 [ERROR]     File "C:\Python313\Lib\multiprocessing\pool.py", line 774, in get
2025-10-08 18:04:24,411 [ERROR]       raise self._value
2025-10-08 18:04:24,411 [ERROR]   ValueError: cannot reshape array of size 480 into shape (5,2,1,4,3)
2025-10-08 18:08:59,847 [INFO]  BEAST MODE HPC LOGGING ATTIVO (UTF-8)
2025-10-08 18:08:59,848 [INFO]  BEAST MODE HPC TRAINING STARTED
2025-10-08 18:08:59,848 [INFO]  Workers: 11/12 (CPU_COUNT)
2025-10-08 18:09:00,215 [INFO]  AVVIO TRAINING BEAST MODE
2025-10-08 18:09:00,215 [INFO]    Workers: 11/12 (fonte: CPU_COUNT)
2025-10-08 18:09:00,216 [INFO]  ENCODING COMPLETATO - 8 frasi totali
2025-10-08 18:09:00,219 [INFO]  Xavier initialization completata (std=0.2887)
2025-10-08 18:09:00,534 [INFO]  BEAST MODE OPTIMIZATION START
2025-10-08 18:09:00,534 [INFO]    Workers: 11
2025-10-08 18:09:00,535 [INFO]    Parametri: 960
2025-10-08 18:09:00,535 [INFO]    Max iter: 300
2025-10-08 18:09:00,535 [INFO]  Adam optimizer: lr=0.001, 1=0.9, 2=0.999
2025-10-08 18:09:00,535 [INFO]  Suddivisione in 20 batch
2025-10-08 18:09:42,108 [INFO]  BEAST MODE HPC LOGGING ATTIVO (UTF-8)
2025-10-08 18:09:42,108 [INFO]  BEAST MODE HPC TRAINING STARTED
2025-10-08 18:09:42,109 [INFO]  Workers: 11/12 (CPU_COUNT)
2025-10-08 18:09:42,471 [INFO]  AVVIO TRAINING BEAST MODE
2025-10-08 18:09:42,471 [INFO]    Workers: 11/12 (fonte: CPU_COUNT)
2025-10-08 18:09:42,472 [INFO]  ENCODING COMPLETATO - 8 frasi totali
2025-10-08 18:09:42,475 [INFO]  Xavier initialization completata (std=0.2887)
2025-10-08 18:09:42,792 [INFO]  BEAST MODE OPTIMIZATION START
2025-10-08 18:09:42,792 [INFO]    Workers: 11
2025-10-08 18:09:42,793 [INFO]    Parametri: 960
2025-10-08 18:09:42,793 [INFO]    Max iter: 300
2025-10-08 18:09:42,793 [INFO]  Adam optimizer: lr=0.001, 1=0.9, 2=0.999
2025-10-08 18:09:42,793 [INFO]  Suddivisione in 20 batch
2025-10-08 18:14:21,902 [ERROR]  ERRORE CRITICO DURANTE IL TRAINING
2025-10-08 18:14:21,903 [ERROR] Tipo: ValueError
2025-10-08 18:14:21,904 [ERROR] Messaggio: cannot reshape array of size 480 into shape (5,2,1,4,3)
2025-10-08 18:14:21,907 [ERROR]   multiprocessing.pool.RemoteTraceback: 
2025-10-08 18:14:21,907 [ERROR]   """
2025-10-08 18:14:21,908 [ERROR]   Traceback (most recent call last):
2025-10-08 18:14:21,908 [ERROR]     File "C:\Python313\Lib\multiprocessing\pool.py", line 125, in worker
2025-10-08 18:14:21,908 [ERROR]       result = (True, func(*args, **kwds))
2025-10-08 18:14:21,909 [ERROR]                       ~~~~^^^^^^^^^^^^^^^
2025-10-08 18:14:21,909 [ERROR]     File "C:\Python313\Lib\multiprocessing\pool.py", line 48, in mapstar
2025-10-08 18:14:21,909 [ERROR]       return list(map(*args))
2025-10-08 18:14:21,910 [ERROR]     File "C:\Users\Ale\Desktop\progetti\FIN - QT\quantum_parallel_units.py", line 33, in compute_gradient_batch
2025-10-08 18:14:21,910 [ERROR]       grad = _compute_single_gradient_component(idx, params, shift, states_calc, U, Z, num_layers, dim, circuit_func)
2025-10-08 18:14:21,910 [ERROR]     File "C:\Users\Ale\Desktop\progetti\FIN - QT\quantum_mpi_utils.py", line 223, in _compute_single_gradient_component
2025-10-08 18:14:21,911 [ERROR]       pV_plus = params_plus[:n_params_single].reshape(param_shape)
2025-10-08 18:14:21,911 [ERROR]   ValueError: cannot reshape array of size 480 into shape (5,2,1,4,3)
2025-10-08 18:14:21,911 [ERROR]   """
2025-10-08 18:14:21,911 [ERROR]   
2025-10-08 18:14:21,912 [ERROR]   The above exception was the direct cause of the following exception:
2025-10-08 18:14:21,912 [ERROR]   
2025-10-08 18:14:21,912 [ERROR]   Traceback (most recent call last):
2025-10-08 18:14:21,912 [ERROR]     File "C:\Users\Ale\Desktop\progetti\FIN - QT\hpc_quantum_training_BEAST_MODE.py", line 258, in main
2025-10-08 18:14:21,912 [ERROR]       train_with_beast_mode_parallelization(logger)
2025-10-08 18:14:21,913 [ERROR]       ~~~~~~~~~~~~~~~~~~~~~~~~~~~~~~~~~~~~~^^^^^^^^
2025-10-08 18:14:21,913 [ERROR]     File "C:\Users\Ale\Desktop\progetti\FIN - QT\hpc_quantum_training_BEAST_MODE.py", line 188, in train_with_beast_mode_parallelization
2025-10-08 18:14:21,913 [ERROR]                   best_params = optimize_parameters_parallel(
2025-10-08 18:14:21,913 [ERROR]                                 ~~~~~~~~~~~~~~~~~~~~~~~~~~~~^
2025-10-08 18:14:21,914 [ERROR]           params_correnti,
2025-10-08 18:14:21,914 [ERROR]           ^^^^^^^^^^^^^^^^
2025-10-08 18:14:21,914 [ERROR]       ...<10 lines>...
2025-10-08 18:14:21,914 [ERROR]           opt_maxfev=OPTIMIZATION_CONFIG.get('opt_maxfev', 50)
2025-10-08 18:14:21,915 [ERROR]           ^^^^^^^^^^^^^^^^^^^^^^^^^^^^^^^^^^^^^^^^^^^^^^^^^^^^
2025-10-08 18:14:21,915 [ERROR]       )
2025-10-08 18:14:21,915 [ERROR]       ^
2025-10-08 18:14:21,915 [ERROR]     File "C:\Users\Ale\Desktop\progetti\FIN - QT\optimization.py", line 531, in optimize_parameters_parallel
2025-10-08 18:14:21,916 [ERROR]       results = pool.map(compute_gradient_batch, batch_tasks)
2025-10-08 18:14:21,916 [ERROR]     File "C:\Python313\Lib\multiprocessing\pool.py", line 367, in map
2025-10-08 18:14:21,916 [ERROR]       return self._map_async(func, iterable, mapstar, chunksize).get()
2025-10-08 18:14:21,916 [ERROR]              ~~~~~~~~~~~~~~~~~~~~~~~~~~~~~~~~~~~~~~~~~~~~~~~~~~~~~~~^^
2025-10-08 18:14:21,917 [ERROR]     File "C:\Python313\Lib\multiprocessing\pool.py", line 774, in get
2025-10-08 18:14:21,917 [ERROR]       raise self._value
2025-10-08 18:14:21,917 [ERROR]   ValueError: cannot reshape array of size 480 into shape (5,2,1,4,3)
2025-10-09 10:16:44,859 [INFO]  BEAST MODE HPC LOGGING ATTIVO (UTF-8)
2025-10-09 10:16:44,860 [INFO]  BEAST MODE HPC TRAINING STARTED
2025-10-09 10:16:44,860 [INFO]  Workers: 11/12 (CPU_COUNT)
2025-10-09 10:16:47,614 [INFO]  AVVIO TRAINING BEAST MODE
2025-10-09 10:16:47,615 [INFO]    Workers: 11/12 (fonte: CPU_COUNT)
2025-10-09 10:16:47,616 [INFO]  ENCODING COMPLETATO - 8 frasi totali
2025-10-09 10:16:47,619 [INFO]  Xavier initialization completata (std=0.2887)
2025-10-09 10:16:47,619 [INFO]    Totale parametri: 960
2025-10-09 10:16:47,619 [INFO]  INIZIO TRAINING per 10 epoche
2025-10-09 10:16:47,747 [ERROR]  ERRORE CRITICO DURANTE IL TRAINING
2025-10-09 10:16:47,748 [ERROR] Tipo: AttributeError
2025-10-09 10:16:47,748 [ERROR] Messaggio: Can't get local object 'train_with_beast_mode_parallelization.<locals>.process_single_sentence'
2025-10-09 10:16:47,751 [ERROR]   Traceback (most recent call last):
2025-10-09 10:16:47,751 [ERROR]     File "C:\Users\Ale\Desktop\progetti\FIN - QT\main_hpc.py", line 255, in main
2025-10-09 10:16:47,751 [ERROR]       train_with_beast_mode_parallelization(logger)
2025-10-09 10:16:47,752 [ERROR]       ~~~~~~~~~~~~~~~~~~~~~~~~~~~~~~~~~~~~~^^^^^^^^
2025-10-09 10:16:47,752 [ERROR]     File "C:\Users\Ale\Desktop\progetti\FIN - QT\main_hpc.py", line 200, in train_with_beast_mode_parallelization
2025-10-09 10:16:47,752 [ERROR]       losses = pool.map(process_single_sentence, tasks)
2025-10-09 10:16:47,752 [ERROR]     File "C:\Python313\Lib\multiprocessing\pool.py", line 367, in map
2025-10-09 10:16:47,752 [ERROR]       return self._map_async(func, iterable, mapstar, chunksize).get()
2025-10-09 10:16:47,752 [ERROR]              ~~~~~~~~~~~~~~~~~~~~~~~~~~~~~~~~~~~~~~~~~~~~~~~~~~~~~~~^^
2025-10-09 10:16:47,753 [ERROR]     File "C:\Python313\Lib\multiprocessing\pool.py", line 774, in get
2025-10-09 10:16:47,753 [ERROR]       raise self._value
2025-10-09 10:16:47,753 [ERROR]     File "C:\Python313\Lib\multiprocessing\pool.py", line 540, in _handle_tasks
2025-10-09 10:16:47,754 [ERROR]       put(task)
2025-10-09 10:16:47,754 [ERROR]       ~~~^^^^^^
2025-10-09 10:16:47,754 [ERROR]     File "C:\Python313\Lib\multiprocessing\connection.py", line 206, in send
2025-10-09 10:16:47,755 [ERROR]       self._send_bytes(_ForkingPickler.dumps(obj))
2025-10-09 10:16:47,755 [ERROR]                        ~~~~~~~~~~~~~~~~~~~~~^^^^^
2025-10-09 10:16:47,755 [ERROR]     File "C:\Python313\Lib\multiprocessing\reduction.py", line 51, in dumps
2025-10-09 10:16:47,755 [ERROR]       cls(buf, protocol).dump(obj)
2025-10-09 10:16:47,755 [ERROR]       ~~~~~~~~~~~~~~~~~~~~~~~^^^^^
2025-10-09 10:16:47,756 [ERROR]   AttributeError: Can't get local object 'train_with_beast_mode_parallelization.<locals>.process_single_sentence'
2025-10-09 10:18:24,426 [INFO]  BEAST MODE HPC LOGGING ATTIVO (UTF-8)
2025-10-09 10:18:24,426 [INFO]  BEAST MODE HPC TRAINING STARTED
2025-10-09 10:18:24,426 [INFO]  Workers: 11/12 (CPU_COUNT)
2025-10-09 10:18:24,744 [INFO]  AVVIO TRAINING BEAST MODE
2025-10-09 10:18:24,744 [INFO]    Workers: 11/12 (fonte: CPU_COUNT)
2025-10-09 10:18:24,745 [INFO]  ENCODING COMPLETATO - 8 frasi totali
2025-10-09 10:18:24,747 [INFO]  Xavier initialization completata (std=0.2887)
2025-10-09 10:18:24,747 [INFO]    Totale parametri: 960
2025-10-09 10:18:24,748 [INFO]  INIZIO TRAINING per 10 epoche
2025-10-09 10:18:31,028 [ERROR]  ERRORE CRITICO DURANTE IL TRAINING
2025-10-09 10:18:31,028 [ERROR] Tipo: AttributeError
2025-10-09 10:18:31,029 [ERROR] Messaggio: type object 'GeneralizedQuantumCircuitBuilder' has no attribute 'create_circuit_builder'
2025-10-09 10:18:31,031 [ERROR]   multiprocessing.pool.RemoteTraceback: 
2025-10-09 10:18:31,032 [ERROR]   """
2025-10-09 10:18:31,032 [ERROR]   Traceback (most recent call last):
2025-10-09 10:18:31,032 [ERROR]     File "C:\Python313\Lib\multiprocessing\pool.py", line 125, in worker
2025-10-09 10:18:31,032 [ERROR]       result = (True, func(*args, **kwds))
2025-10-09 10:18:31,033 [ERROR]                       ~~~~^^^^^^^^^^^^^^^
2025-10-09 10:18:31,033 [ERROR]     File "C:\Python313\Lib\multiprocessing\pool.py", line 48, in mapstar
2025-10-09 10:18:31,033 [ERROR]       return list(map(*args))
2025-10-09 10:18:31,034 [ERROR]     File "C:\Users\Ale\Desktop\progetti\FIN - QT\main_hpc.py", line 89, in process_single_sentence
2025-10-09 10:18:31,034 [ERROR]       builder = GeneralizedQuantumCircuitBuilder.create_circuit_builder(
2025-10-09 10:18:31,035 [ERROR]                 ^^^^^^^^^^^^^^^^^^^^^^^^^^^^^^^^^^^^^^^^^^^^^^^^^^^^^^^
2025-10-09 10:18:31,035 [ERROR]   AttributeError: type object 'GeneralizedQuantumCircuitBuilder' has no attribute 'create_circuit_builder'
2025-10-09 10:18:31,035 [ERROR]   """
2025-10-09 10:18:31,036 [ERROR]   
2025-10-09 10:18:31,036 [ERROR]   The above exception was the direct cause of the following exception:
2025-10-09 10:18:31,036 [ERROR]   
2025-10-09 10:18:31,037 [ERROR]   Traceback (most recent call last):
2025-10-09 10:18:31,037 [ERROR]     File "C:\Users\Ale\Desktop\progetti\FIN - QT\main_hpc.py", line 221, in main
2025-10-09 10:18:31,037 [ERROR]       train_with_beast_mode_parallelization(logger)
2025-10-09 10:18:31,038 [ERROR]       ~~~~~~~~~~~~~~~~~~~~~~~~~~~~~~~~~~~~~^^^^^^^^
2025-10-09 10:18:31,038 [ERROR]     File "C:\Users\Ale\Desktop\progetti\FIN - QT\main_hpc.py", line 166, in train_with_beast_mode_parallelization
2025-10-09 10:18:31,039 [ERROR]       losses = pool.map(process_single_sentence, tasks)
2025-10-09 10:18:31,039 [ERROR]     File "C:\Python313\Lib\multiprocessing\pool.py", line 367, in map
2025-10-09 10:18:31,040 [ERROR]       return self._map_async(func, iterable, mapstar, chunksize).get()
2025-10-09 10:18:31,040 [ERROR]              ~~~~~~~~~~~~~~~~~~~~~~~~~~~~~~~~~~~~~~~~~~~~~~~~~~~~~~~^^
2025-10-09 10:18:31,041 [ERROR]     File "C:\Python313\Lib\multiprocessing\pool.py", line 774, in get
2025-10-09 10:18:31,041 [ERROR]       raise self._value
2025-10-09 10:18:31,041 [ERROR]   AttributeError: type object 'GeneralizedQuantumCircuitBuilder' has no attribute 'create_circuit_builder'
2025-10-09 10:20:12,077 [INFO]  BEAST MODE HPC LOGGING ATTIVO (UTF-8)
2025-10-09 10:20:12,077 [INFO]  BEAST MODE HPC TRAINING STARTED
2025-10-09 10:20:12,077 [INFO]  Workers: 11/12 (CPU_COUNT)
2025-10-09 10:20:12,078 [INFO]  AVVIO TRAINING BEAST MODE
2025-10-09 10:20:12,078 [INFO]    Workers: 11/12 (fonte: CPU_COUNT)
2025-10-09 10:20:12,079 [INFO]  ENCODING COMPLETATO - 8 frasi totali
2025-10-09 10:20:12,081 [INFO]  Xavier initialization completata (std=0.2887)
2025-10-09 10:20:12,081 [INFO]    Totale parametri: 960
2025-10-09 10:20:12,081 [INFO]  INIZIO TRAINING per 10 epoche
2025-10-09 10:20:18,452 [ERROR]  ERRORE CRITICO DURANTE IL TRAINING
2025-10-09 10:20:18,453 [ERROR] Tipo: IndexError
2025-10-09 10:20:18,453 [ERROR] Messaggio: invalid index to scalar variable.
2025-10-09 10:20:18,455 [ERROR]   multiprocessing.pool.RemoteTraceback: 
2025-10-09 10:20:18,455 [ERROR]   """
2025-10-09 10:20:18,456 [ERROR]   Traceback (most recent call last):
2025-10-09 10:20:18,456 [ERROR]     File "C:\Python313\Lib\multiprocessing\pool.py", line 125, in worker
2025-10-09 10:20:18,456 [ERROR]       result = (True, func(*args, **kwds))
2025-10-09 10:20:18,457 [ERROR]                       ~~~~^^^^^^^^^^^^^^^
2025-10-09 10:20:18,457 [ERROR]     File "C:\Python313\Lib\multiprocessing\pool.py", line 48, in mapstar
2025-10-09 10:20:18,457 [ERROR]       return list(map(*args))
2025-10-09 10:20:18,458 [ERROR]     File "C:\Users\Ale\Desktop\progetti\FIN - QT\main_hpc.py", line 96, in process_single_sentence
2025-10-09 10:20:18,458 [ERROR]       loss = builder.create_generalized_circuit(
2025-10-09 10:20:18,458 [ERROR]           psi=states_calculated,
2025-10-09 10:20:18,459 [ERROR]       ...<4 lines>...
2025-10-09 10:20:18,459 [ERROR]           num_layers=OPTIMIZATION_CONFIG['num_layers']
2025-10-09 10:20:18,459 [ERROR]       )
2025-10-09 10:20:18,459 [ERROR]     File "C:\Users\Ale\Desktop\progetti\FIN - QT\generalized_quantum_circuits.py", line 92, in create_generalized_circuit
2025-10-09 10:20:18,459 [ERROR]       ansatz_v = AnsatzBuilder(self.n_target_qubits, params_v, num_layers)
2025-10-09 10:20:18,460 [ERROR]     File "C:\Users\Ale\Desktop\progetti\FIN - QT\layer.py", line 27, in __init__
2025-10-09 10:20:18,460 [ERROR]       self.add_layer(params[layer_idx][0], params[layer_idx][1])
2025-10-09 10:20:18,460 [ERROR]                      ~~~~~~~~~~~~~~~~~^^^
2025-10-09 10:20:18,460 [ERROR]   IndexError: invalid index to scalar variable.
2025-10-09 10:20:18,461 [ERROR]   """
2025-10-09 10:20:18,461 [ERROR]   
2025-10-09 10:20:18,461 [ERROR]   The above exception was the direct cause of the following exception:
2025-10-09 10:20:18,461 [ERROR]   
2025-10-09 10:20:18,461 [ERROR]   Traceback (most recent call last):
2025-10-09 10:20:18,462 [ERROR]     File "C:\Users\Ale\Desktop\progetti\FIN - QT\main_hpc.py", line 224, in main
2025-10-09 10:20:18,462 [ERROR]       train_with_beast_mode_parallelization(logger)
2025-10-09 10:20:18,462 [ERROR]       ~~~~~~~~~~~~~~~~~~~~~~~~~~~~~~~~~~~~~^^^^^^^^
2025-10-09 10:20:18,462 [ERROR]     File "C:\Users\Ale\Desktop\progetti\FIN - QT\main_hpc.py", line 169, in train_with_beast_mode_parallelization
2025-10-09 10:20:18,462 [ERROR]       losses = pool.map(process_single_sentence, tasks)
2025-10-09 10:20:18,463 [ERROR]     File "C:\Python313\Lib\multiprocessing\pool.py", line 367, in map
2025-10-09 10:20:18,463 [ERROR]       return self._map_async(func, iterable, mapstar, chunksize).get()
2025-10-09 10:20:18,463 [ERROR]              ~~~~~~~~~~~~~~~~~~~~~~~~~~~~~~~~~~~~~~~~~~~~~~~~~~~~~~~^^
2025-10-09 10:20:18,463 [ERROR]     File "C:\Python313\Lib\multiprocessing\pool.py", line 774, in get
2025-10-09 10:20:18,463 [ERROR]       raise self._value
2025-10-09 10:20:18,464 [ERROR]   IndexError: invalid index to scalar variable.
2025-10-09 10:22:51,532 [INFO]  BEAST MODE HPC LOGGING ATTIVO (UTF-8)
2025-10-09 10:22:51,532 [INFO]  BEAST MODE HPC TRAINING STARTED
2025-10-09 10:22:51,532 [INFO]  Workers: 11/12 (CPU_COUNT)
2025-10-09 10:22:51,532 [INFO]  AVVIO TRAINING BEAST MODE
2025-10-09 10:22:51,533 [INFO]    Workers: 11/12 (fonte: CPU_COUNT)
2025-10-09 10:22:51,533 [INFO]  ENCODING COMPLETATO - 8 frasi totali
2025-10-09 10:22:51,536 [INFO]  Xavier initialization completata (std=0.2887)
2025-10-09 10:22:51,536 [INFO]    Totale parametri: 960
2025-10-09 10:22:51,536 [INFO]  INIZIO TRAINING per 10 epoche
2025-10-09 10:27:46,955 [INFO]  BEAST MODE HPC LOGGING ATTIVO (UTF-8)
2025-10-09 10:27:46,955 [INFO]  BEAST MODE HPC TRAINING STARTED
2025-10-09 10:27:46,955 [INFO]  Workers: 11/12 (CPU_COUNT)
2025-10-09 10:27:46,956 [INFO]  AVVIO TRAINING BEAST MODE
2025-10-09 10:27:46,956 [INFO]    Workers: 2/12 (fonte: CPU_COUNT)
2025-10-09 10:27:46,957 [INFO]  ENCODING COMPLETATO - 2 frasi totali
2025-10-09 10:27:46,959 [INFO]  Xavier initialization completata (std=0.2887)
2025-10-09 10:27:46,960 [INFO]    Totale parametri: 960
2025-10-09 10:27:46,960 [INFO]  INIZIO TRAINING per 10 epoche
2025-10-09 10:39:45,446 [INFO]  BEAST MODE HPC LOGGING ATTIVO (UTF-8)
2025-10-09 10:39:45,447 [INFO]  BEAST MODE HPC TRAINING STARTED
2025-10-09 10:39:45,447 [INFO]  Workers: 11/12 (CPU_COUNT)
2025-10-09 10:39:45,448 [INFO]  AVVIO TRAINING BEAST MODE
2025-10-09 10:39:45,448 [INFO]    Workers: 2/12 (fonte: CPU_COUNT)
2025-10-09 10:39:45,449 [INFO]  ENCODING COMPLETATO - 2 frasi totali
2025-10-09 10:39:45,451 [INFO]  Xavier initialization completata (std=0.2887)
2025-10-09 10:39:45,452 [INFO]    Totale parametri: 960
2025-10-09 10:39:45,452 [INFO]  INIZIO TRAINING per 10 epoche
2025-10-09 10:43:56,880 [INFO]  BEAST MODE HPC LOGGING ATTIVO (UTF-8)
2025-10-09 10:43:56,880 [INFO]  BEAST MODE HPC TRAINING STARTED
2025-10-09 10:43:56,880 [INFO]  Workers: 11/12 (CPU_COUNT)
2025-10-09 10:43:56,881 [INFO]  AVVIO TRAINING BEAST MODE
2025-10-09 10:43:56,881 [INFO]    Workers: 2/12 (fonte: CPU_COUNT)
2025-10-09 10:43:56,881 [INFO]  ENCODING COMPLETATO - 2 frasi totali
2025-10-09 10:43:56,884 [INFO]  Xavier initialization completata (std=0.2887)
2025-10-09 10:43:56,884 [INFO]    Totale parametri: 960
2025-10-09 10:43:56,884 [INFO]  INIZIO TRAINING per 10 epoche
2025-10-09 10:44:00,456 [ERROR]  ERRORE CRITICO DURANTE IL TRAINING
2025-10-09 10:44:00,457 [ERROR] Tipo: AttributeError
2025-10-09 10:44:00,457 [ERROR] Messaggio: type object 'GeneralizedQuantumCircuitBuilder' has no attribute 'create_circuit_builder'
2025-10-09 10:44:00,459 [ERROR]   multiprocessing.pool.RemoteTraceback: 
2025-10-09 10:44:00,460 [ERROR]   """
2025-10-09 10:44:00,460 [ERROR]   Traceback (most recent call last):
2025-10-09 10:44:00,460 [ERROR]     File "C:\Python313\Lib\multiprocessing\pool.py", line 125, in worker
2025-10-09 10:44:00,460 [ERROR]       result = (True, func(*args, **kwds))
2025-10-09 10:44:00,461 [ERROR]                       ~~~~^^^^^^^^^^^^^^^
2025-10-09 10:44:00,461 [ERROR]     File "C:\Python313\Lib\multiprocessing\pool.py", line 48, in mapstar
2025-10-09 10:44:00,461 [ERROR]       return list(map(*args))
2025-10-09 10:44:00,461 [ERROR]     File "C:\Users\Ale\Desktop\progetti\FIN - QT\main_hpc.py", line 96, in process_single_sentence
2025-10-09 10:44:00,462 [ERROR]       builder = GeneralizedQuantumCircuitBuilder.create_circuit_builder(
2025-10-09 10:44:00,462 [ERROR]                 ^^^^^^^^^^^^^^^^^^^^^^^^^^^^^^^^^^^^^^^^^^^^^^^^^^^^^^^
2025-10-09 10:44:00,462 [ERROR]   AttributeError: type object 'GeneralizedQuantumCircuitBuilder' has no attribute 'create_circuit_builder'
2025-10-09 10:44:00,462 [ERROR]   """
2025-10-09 10:44:00,463 [ERROR]   
2025-10-09 10:44:00,463 [ERROR]   The above exception was the direct cause of the following exception:
2025-10-09 10:44:00,463 [ERROR]   
2025-10-09 10:44:00,463 [ERROR]   Traceback (most recent call last):
2025-10-09 10:44:00,463 [ERROR]     File "C:\Users\Ale\Desktop\progetti\FIN - QT\main_hpc.py", line 225, in main
2025-10-09 10:44:00,464 [ERROR]       train_with_beast_mode_parallelization(logger)
2025-10-09 10:44:00,464 [ERROR]       ~~~~~~~~~~~~~~~~~~~~~~~~~~~~~~~~~~~~~^^^^^^^^
2025-10-09 10:44:00,464 [ERROR]     File "C:\Users\Ale\Desktop\progetti\FIN - QT\main_hpc.py", line 170, in train_with_beast_mode_parallelization
2025-10-09 10:44:00,464 [ERROR]       losses = pool.map(process_single_sentence, tasks)
2025-10-09 10:44:00,464 [ERROR]     File "C:\Python313\Lib\multiprocessing\pool.py", line 367, in map
2025-10-09 10:44:00,465 [ERROR]       return self._map_async(func, iterable, mapstar, chunksize).get()
2025-10-09 10:44:00,465 [ERROR]              ~~~~~~~~~~~~~~~~~~~~~~~~~~~~~~~~~~~~~~~~~~~~~~~~~~~~~~~^^
2025-10-09 10:44:00,465 [ERROR]     File "C:\Python313\Lib\multiprocessing\pool.py", line 774, in get
2025-10-09 10:44:00,465 [ERROR]       raise self._value
2025-10-09 10:44:00,465 [ERROR]   AttributeError: type object 'GeneralizedQuantumCircuitBuilder' has no attribute 'create_circuit_builder'
2025-10-09 10:47:21,355 [INFO]  BEAST MODE HPC LOGGING ATTIVO (UTF-8)
2025-10-09 10:47:21,355 [INFO]  BEAST MODE HPC TRAINING STARTED
2025-10-09 10:47:21,355 [INFO]  Workers: 11/12 (CPU_COUNT)
2025-10-09 10:47:21,356 [INFO]  AVVIO TRAINING BEAST MODE
2025-10-09 10:47:21,356 [INFO]    Workers: 2/12 (fonte: CPU_COUNT)
2025-10-09 10:47:21,357 [INFO]  ENCODING COMPLETATO - 2 frasi totali
2025-10-09 10:47:21,359 [INFO]  Xavier initialization completata (std=0.2887)
2025-10-09 10:47:21,359 [INFO]    Totale parametri: 960
2025-10-09 10:47:21,359 [INFO]  INIZIO TRAINING per 10 epoche
2025-10-09 10:47:26,407 [ERROR]  ERRORE CRITICO DURANTE IL TRAINING
2025-10-09 10:47:26,409 [ERROR] Tipo: IndexError
2025-10-09 10:47:26,409 [ERROR] Messaggio: invalid index to scalar variable.
2025-10-09 10:47:26,412 [ERROR]   multiprocessing.pool.RemoteTraceback: 
2025-10-09 10:47:26,412 [ERROR]   """
2025-10-09 10:47:26,413 [ERROR]   Traceback (most recent call last):
2025-10-09 10:47:26,413 [ERROR]     File "C:\Python313\Lib\multiprocessing\pool.py", line 125, in worker
2025-10-09 10:47:26,413 [ERROR]       result = (True, func(*args, **kwds))
2025-10-09 10:47:26,414 [ERROR]                       ~~~~^^^^^^^^^^^^^^^
2025-10-09 10:47:26,414 [ERROR]     File "C:\Python313\Lib\multiprocessing\pool.py", line 48, in mapstar
2025-10-09 10:47:26,414 [ERROR]       return list(map(*args))
2025-10-09 10:47:26,415 [ERROR]     File "C:\Users\Ale\Desktop\progetti\FIN - QT\main_hpc.py", line 101, in process_single_sentence
2025-10-09 10:47:26,415 [ERROR]       ).create_generalized_circuit(
2025-10-09 10:47:26,415 [ERROR]         ~~~~~~~~~~~~~~~~~~~~~~~~~~^
2025-10-09 10:47:26,416 [ERROR]           psi=states_calculated,
2025-10-09 10:47:26,416 [ERROR]           ^^^^^^^^^^^^^^^^^^^^^^
2025-10-09 10:47:26,417 [ERROR]       ...<4 lines>...
2025-10-09 10:47:26,417 [ERROR]           num_layers=OPTIMIZATION_CONFIG['num_layers']
2025-10-09 10:47:26,417 [ERROR]           ^^^^^^^^^^^^^^^^^^^^^^^^^^^^^^^^^^^^^^^^^^^^
2025-10-09 10:47:26,418 [ERROR]       )
2025-10-09 10:47:26,418 [ERROR]       ^
2025-10-09 10:47:26,418 [ERROR]     File "C:\Users\Ale\Desktop\progetti\FIN - QT\generalized_quantum_circuits.py", line 92, in create_generalized_circuit
2025-10-09 10:47:26,419 [ERROR]       ansatz_v = AnsatzBuilder(self.n_target_qubits, params_v, num_layers)
2025-10-09 10:47:26,419 [ERROR]     File "C:\Users\Ale\Desktop\progetti\FIN - QT\layer.py", line 27, in __init__
2025-10-09 10:47:26,419 [ERROR]       self.add_layer(params[layer_idx][0], params[layer_idx][1])
2025-10-09 10:47:26,420 [ERROR]                      ~~~~~~~~~~~~~~~~~^^^
2025-10-09 10:47:26,420 [ERROR]   IndexError: invalid index to scalar variable.
2025-10-09 10:47:26,420 [ERROR]   """
2025-10-09 10:47:26,421 [ERROR]   
2025-10-09 10:47:26,421 [ERROR]   The above exception was the direct cause of the following exception:
2025-10-09 10:47:26,421 [ERROR]   
2025-10-09 10:47:26,421 [ERROR]   Traceback (most recent call last):
2025-10-09 10:47:26,422 [ERROR]     File "C:\Users\Ale\Desktop\progetti\FIN - QT\main_hpc.py", line 232, in main
2025-10-09 10:47:26,422 [ERROR]       train_with_beast_mode_parallelization(logger)
2025-10-09 10:47:26,422 [ERROR]       ~~~~~~~~~~~~~~~~~~~~~~~~~~~~~~~~~~~~~^^^^^^^^
2025-10-09 10:47:26,423 [ERROR]     File "C:\Users\Ale\Desktop\progetti\FIN - QT\main_hpc.py", line 177, in train_with_beast_mode_parallelization
2025-10-09 10:47:26,423 [ERROR]       losses = pool.map(process_single_sentence, tasks)
2025-10-09 10:47:26,423 [ERROR]     File "C:\Python313\Lib\multiprocessing\pool.py", line 367, in map
2025-10-09 10:47:26,424 [ERROR]       return self._map_async(func, iterable, mapstar, chunksize).get()
2025-10-09 10:47:26,425 [ERROR]              ~~~~~~~~~~~~~~~~~~~~~~~~~~~~~~~~~~~~~~~~~~~~~~~~~~~~~~~^^
2025-10-09 10:47:26,426 [ERROR]     File "C:\Python313\Lib\multiprocessing\pool.py", line 774, in get
2025-10-09 10:47:26,426 [ERROR]       raise self._value
2025-10-09 10:47:26,426 [ERROR]   IndexError: invalid index to scalar variable.
2025-10-09 10:51:34,508 [INFO]  BEAST MODE HPC LOGGING ATTIVO (UTF-8)
2025-10-09 10:51:34,508 [INFO]  BEAST MODE HPC TRAINING STARTED
2025-10-09 10:51:34,508 [INFO]  Workers: 11/12 (CPU_COUNT)
2025-10-09 10:51:34,508 [INFO]  AVVIO TRAINING BEAST MODE
2025-10-09 10:51:34,509 [INFO]    Workers: 2/12 (fonte: CPU_COUNT)
2025-10-09 10:51:34,509 [INFO]  ENCODING COMPLETATO - 2 frasi totali
2025-10-09 10:51:34,511 [INFO]  Xavier initialization completata (std=0.2887)
2025-10-09 10:51:34,512 [INFO]    Totale parametri: 960
2025-10-09 10:51:34,512 [INFO]  INIZIO TRAINING per 10 epoche
2025-10-09 10:51:37,973 [ERROR]  ERRORE CRITICO DURANTE IL TRAINING
2025-10-09 10:51:37,973 [ERROR] Tipo: IndexError
2025-10-09 10:51:37,974 [ERROR] Messaggio: invalid index to scalar variable.
2025-10-09 10:51:37,976 [ERROR]   multiprocessing.pool.RemoteTraceback: 
2025-10-09 10:51:37,976 [ERROR]   """
2025-10-09 10:51:37,977 [ERROR]   Traceback (most recent call last):
2025-10-09 10:51:37,977 [ERROR]     File "C:\Python313\Lib\multiprocessing\pool.py", line 125, in worker
2025-10-09 10:51:37,977 [ERROR]       result = (True, func(*args, **kwds))
2025-10-09 10:51:37,977 [ERROR]                       ~~~~^^^^^^^^^^^^^^^
2025-10-09 10:51:37,977 [ERROR]     File "C:\Python313\Lib\multiprocessing\pool.py", line 48, in mapstar
2025-10-09 10:51:37,978 [ERROR]       return list(map(*args))
2025-10-09 10:51:37,978 [ERROR]     File "C:\Users\Ale\Desktop\progetti\FIN - QT\main_hpc.py", line 119, in process_single_sentence
2025-10-09 10:51:37,978 [ERROR]       ).create_generalized_circuit(
2025-10-09 10:51:37,978 [ERROR]         ~~~~~~~~~~~~~~~~~~~~~~~~~~^
2025-10-09 10:51:37,979 [ERROR]           psi=states_calculated,
2025-10-09 10:51:37,979 [ERROR]           ^^^^^^^^^^^^^^^^^^^^^^
2025-10-09 10:51:37,979 [ERROR]       ...<4 lines>...
2025-10-09 10:51:37,979 [ERROR]           num_layers=OPTIMIZATION_CONFIG['num_layers']
2025-10-09 10:51:37,979 [ERROR]           ^^^^^^^^^^^^^^^^^^^^^^^^^^^^^^^^^^^^^^^^^^^^
2025-10-09 10:51:37,980 [ERROR]       )
2025-10-09 10:51:37,980 [ERROR]       ^
2025-10-09 10:51:37,980 [ERROR]     File "C:\Users\Ale\Desktop\progetti\FIN - QT\generalized_quantum_circuits.py", line 92, in create_generalized_circuit
2025-10-09 10:51:37,980 [ERROR]       ansatz_v = AnsatzBuilder(self.n_target_qubits, params_v, num_layers)
2025-10-09 10:51:37,980 [ERROR]     File "C:\Users\Ale\Desktop\progetti\FIN - QT\layer.py", line 27, in __init__
2025-10-09 10:51:37,981 [ERROR]       self.add_layer(params[layer_idx][0], params[layer_idx][1])
2025-10-09 10:51:37,981 [ERROR]                      ~~~~~~~~~~~~~~~~~^^^
2025-10-09 10:51:37,981 [ERROR]   IndexError: invalid index to scalar variable.
2025-10-09 10:51:37,981 [ERROR]   """
2025-10-09 10:51:37,981 [ERROR]   
2025-10-09 10:51:37,982 [ERROR]   The above exception was the direct cause of the following exception:
2025-10-09 10:51:37,982 [ERROR]   
2025-10-09 10:51:37,982 [ERROR]   Traceback (most recent call last):
2025-10-09 10:51:37,982 [ERROR]     File "C:\Users\Ale\Desktop\progetti\FIN - QT\main_hpc.py", line 250, in main
2025-10-09 10:51:37,982 [ERROR]       train_with_beast_mode_parallelization(logger)
2025-10-09 10:51:37,983 [ERROR]       ~~~~~~~~~~~~~~~~~~~~~~~~~~~~~~~~~~~~~^^^^^^^^
2025-10-09 10:51:37,983 [ERROR]     File "C:\Users\Ale\Desktop\progetti\FIN - QT\main_hpc.py", line 195, in train_with_beast_mode_parallelization
2025-10-09 10:51:37,983 [ERROR]       losses = pool.map(process_single_sentence, tasks)
2025-10-09 10:51:37,984 [ERROR]     File "C:\Python313\Lib\multiprocessing\pool.py", line 367, in map
2025-10-09 10:51:37,984 [ERROR]       return self._map_async(func, iterable, mapstar, chunksize).get()
2025-10-09 10:51:37,984 [ERROR]              ~~~~~~~~~~~~~~~~~~~~~~~~~~~~~~~~~~~~~~~~~~~~~~~~~~~~~~~^^
2025-10-09 10:51:37,984 [ERROR]     File "C:\Python313\Lib\multiprocessing\pool.py", line 774, in get
2025-10-09 10:51:37,984 [ERROR]       raise self._value
2025-10-09 10:51:37,985 [ERROR]   IndexError: invalid index to scalar variable.
2025-10-09 10:51:59,954 [INFO]  BEAST MODE HPC LOGGING ATTIVO (UTF-8)
2025-10-09 10:51:59,954 [INFO]  BEAST MODE HPC TRAINING STARTED
2025-10-09 10:51:59,954 [INFO]  Workers: 11/12 (CPU_COUNT)
2025-10-09 10:51:59,954 [INFO]  AVVIO TRAINING BEAST MODE
2025-10-09 10:51:59,955 [INFO]    Workers: 2/12 (fonte: CPU_COUNT)
2025-10-09 10:51:59,955 [INFO]  ENCODING COMPLETATO - 2 frasi totali
2025-10-09 10:51:59,957 [INFO]  Xavier initialization completata (std=0.2887)
2025-10-09 10:51:59,958 [INFO]    Totale parametri: 960
2025-10-09 10:51:59,958 [INFO]  INIZIO TRAINING per 10 epoche
2025-10-09 10:52:03,484 [ERROR]  ERRORE CRITICO DURANTE IL TRAINING
2025-10-09 10:52:03,485 [ERROR] Tipo: IndexError
2025-10-09 10:52:03,485 [ERROR] Messaggio: invalid index to scalar variable.
2025-10-09 10:52:03,487 [ERROR]   multiprocessing.pool.RemoteTraceback: 
2025-10-09 10:52:03,487 [ERROR]   """
2025-10-09 10:52:03,487 [ERROR]   Traceback (most recent call last):
2025-10-09 10:52:03,487 [ERROR]     File "C:\Python313\Lib\multiprocessing\pool.py", line 125, in worker
2025-10-09 10:52:03,487 [ERROR]       result = (True, func(*args, **kwds))
2025-10-09 10:52:03,488 [ERROR]                       ~~~~^^^^^^^^^^^^^^^
2025-10-09 10:52:03,488 [ERROR]     File "C:\Python313\Lib\multiprocessing\pool.py", line 48, in mapstar
2025-10-09 10:52:03,488 [ERROR]       return list(map(*args))
2025-10-09 10:52:03,488 [ERROR]     File "C:\Users\Ale\Desktop\progetti\FIN - QT\main_hpc.py", line 119, in process_single_sentence
2025-10-09 10:52:03,488 [ERROR]       ).create_generalized_circuit(
2025-10-09 10:52:03,489 [ERROR]         ~~~~~~~~~~~~~~~~~~~~~~~~~~^
2025-10-09 10:52:03,489 [ERROR]           psi=states_calculated,
2025-10-09 10:52:03,489 [ERROR]           ^^^^^^^^^^^^^^^^^^^^^^
2025-10-09 10:52:03,489 [ERROR]       ...<4 lines>...
2025-10-09 10:52:03,489 [ERROR]           num_layers=OPTIMIZATION_CONFIG['num_layers']
2025-10-09 10:52:03,490 [ERROR]           ^^^^^^^^^^^^^^^^^^^^^^^^^^^^^^^^^^^^^^^^^^^^
2025-10-09 10:52:03,490 [ERROR]       )
2025-10-09 10:52:03,490 [ERROR]       ^
2025-10-09 10:52:03,490 [ERROR]     File "C:\Users\Ale\Desktop\progetti\FIN - QT\generalized_quantum_circuits.py", line 92, in create_generalized_circuit
2025-10-09 10:52:03,490 [ERROR]       ansatz_v = AnsatzBuilder(self.n_target_qubits, params_v, num_layers)
2025-10-09 10:52:03,491 [ERROR]     File "C:\Users\Ale\Desktop\progetti\FIN - QT\layer.py", line 27, in __init__
2025-10-09 10:52:03,491 [ERROR]       self.add_layer(params[layer_idx][0], params[layer_idx][1])
2025-10-09 10:52:03,491 [ERROR]                      ~~~~~~~~~~~~~~~~~^^^
2025-10-09 10:52:03,492 [ERROR]   IndexError: invalid index to scalar variable.
2025-10-09 10:52:03,492 [ERROR]   """
2025-10-09 10:52:03,492 [ERROR]   
2025-10-09 10:52:03,493 [ERROR]   The above exception was the direct cause of the following exception:
2025-10-09 10:52:03,493 [ERROR]   
2025-10-09 10:52:03,493 [ERROR]   Traceback (most recent call last):
2025-10-09 10:52:03,493 [ERROR]     File "C:\Users\Ale\Desktop\progetti\FIN - QT\main_hpc.py", line 250, in main
2025-10-09 10:52:03,494 [ERROR]       train_with_beast_mode_parallelization(logger)
2025-10-09 10:52:03,494 [ERROR]       ~~~~~~~~~~~~~~~~~~~~~~~~~~~~~~~~~~~~~^^^^^^^^
2025-10-09 10:52:03,494 [ERROR]     File "C:\Users\Ale\Desktop\progetti\FIN - QT\main_hpc.py", line 195, in train_with_beast_mode_parallelization
2025-10-09 10:52:03,494 [ERROR]       losses = pool.map(process_single_sentence, tasks)
2025-10-09 10:52:03,495 [ERROR]     File "C:\Python313\Lib\multiprocessing\pool.py", line 367, in map
2025-10-09 10:52:03,495 [ERROR]       return self._map_async(func, iterable, mapstar, chunksize).get()
2025-10-09 10:52:03,495 [ERROR]              ~~~~~~~~~~~~~~~~~~~~~~~~~~~~~~~~~~~~~~~~~~~~~~~~~~~~~~~^^
2025-10-09 10:52:03,495 [ERROR]     File "C:\Python313\Lib\multiprocessing\pool.py", line 774, in get
2025-10-09 10:52:03,495 [ERROR]       raise self._value
2025-10-09 10:52:03,496 [ERROR]   IndexError: invalid index to scalar variable.
2025-10-09 10:52:27,853 [INFO]  BEAST MODE HPC LOGGING ATTIVO (UTF-8)
2025-10-09 10:52:27,853 [INFO]  BEAST MODE HPC TRAINING STARTED
2025-10-09 10:52:27,853 [INFO]  Workers: 11/12 (CPU_COUNT)
2025-10-09 10:52:27,854 [INFO]  AVVIO TRAINING BEAST MODE
2025-10-09 10:52:27,854 [INFO]    Workers: 2/12 (fonte: CPU_COUNT)
2025-10-09 10:52:27,855 [INFO]  ENCODING COMPLETATO - 2 frasi totali
2025-10-09 10:52:27,857 [INFO]  Xavier initialization completata (std=0.2887)
2025-10-09 10:52:27,857 [INFO]    Totale parametri: 960
2025-10-09 10:52:27,857 [INFO]  INIZIO TRAINING per 10 epoche
2025-10-09 10:52:31,348 [ERROR]  ERRORE CRITICO DURANTE IL TRAINING
2025-10-09 10:52:31,349 [ERROR] Tipo: ValueError
2025-10-09 10:52:31,349 [ERROR] Messaggio: Params.size: 1, required angles: 48.0
2025-10-09 10:52:31,351 [ERROR]   multiprocessing.pool.RemoteTraceback: 
2025-10-09 10:52:31,351 [ERROR]   """
2025-10-09 10:52:31,351 [ERROR]   Traceback (most recent call last):
2025-10-09 10:52:31,351 [ERROR]     File "C:\Python313\Lib\multiprocessing\pool.py", line 125, in worker
2025-10-09 10:52:31,351 [ERROR]       result = (True, func(*args, **kwds))
2025-10-09 10:52:31,352 [ERROR]                       ~~~~^^^^^^^^^^^^^^^
2025-10-09 10:52:31,352 [ERROR]     File "C:\Python313\Lib\multiprocessing\pool.py", line 48, in mapstar
2025-10-09 10:52:31,352 [ERROR]       return list(map(*args))
2025-10-09 10:52:31,352 [ERROR]     File "C:\Users\Ale\Desktop\progetti\FIN - QT\main_hpc.py", line 114, in process_single_sentence
2025-10-09 10:52:31,353 [ERROR]       loss = builder.create_generalized_circuit(
2025-10-09 10:52:31,353 [ERROR]           psi=states_calculated,
2025-10-09 10:52:31,353 [ERROR]       ...<4 lines>...
2025-10-09 10:52:31,353 [ERROR]           num_layers=num_layers
2025-10-09 10:52:31,354 [ERROR]       )
2025-10-09 10:52:31,354 [ERROR]     File "C:\Users\Ale\Desktop\progetti\FIN - QT\generalized_quantum_circuits.py", line 92, in create_generalized_circuit
2025-10-09 10:52:31,354 [ERROR]       ansatz_v = AnsatzBuilder(self.n_target_qubits, params_v, num_layers)
2025-10-09 10:52:31,354 [ERROR]     File "C:\Users\Ale\Desktop\progetti\FIN - QT\layer.py", line 27, in __init__
2025-10-09 10:52:31,354 [ERROR]       self.add_layer(params[layer_idx][0], params[layer_idx][1])
2025-10-09 10:52:31,355 [ERROR]       ~~~~~~~~~~~~~~^^^^^^^^^^^^^^^^^^^^^^^^^^^^^^^^^^^^^^^^^^^^
2025-10-09 10:52:31,355 [ERROR]     File "C:\Users\Ale\Desktop\progetti\FIN - QT\layer.py", line 52, in add_layer
2025-10-09 10:52:31,355 [ERROR]       raise ValueError(f"Params.size: {params.size}, required angles: {self.num_angles_required_for_layer() / 2}")
2025-10-09 10:52:31,355 [ERROR]   ValueError: Params.size: 1, required angles: 48.0
2025-10-09 10:52:31,355 [ERROR]   """
2025-10-09 10:52:31,355 [ERROR]   
2025-10-09 10:52:31,356 [ERROR]   The above exception was the direct cause of the following exception:
2025-10-09 10:52:31,356 [ERROR]   
2025-10-09 10:52:31,356 [ERROR]   Traceback (most recent call last):
2025-10-09 10:52:31,356 [ERROR]     File "C:\Users\Ale\Desktop\progetti\FIN - QT\main_hpc.py", line 245, in main
2025-10-09 10:52:31,356 [ERROR]       train_with_beast_mode_parallelization(logger)
2025-10-09 10:52:31,356 [ERROR]       ~~~~~~~~~~~~~~~~~~~~~~~~~~~~~~~~~~~~~^^^^^^^^
2025-10-09 10:52:31,357 [ERROR]     File "C:\Users\Ale\Desktop\progetti\FIN - QT\main_hpc.py", line 190, in train_with_beast_mode_parallelization
2025-10-09 10:52:31,357 [ERROR]       losses = pool.map(process_single_sentence, tasks)
2025-10-09 10:52:31,357 [ERROR]     File "C:\Python313\Lib\multiprocessing\pool.py", line 367, in map
2025-10-09 10:52:31,358 [ERROR]       return self._map_async(func, iterable, mapstar, chunksize).get()
2025-10-09 10:52:31,358 [ERROR]              ~~~~~~~~~~~~~~~~~~~~~~~~~~~~~~~~~~~~~~~~~~~~~~~~~~~~~~~^^
2025-10-09 10:52:31,358 [ERROR]     File "C:\Python313\Lib\multiprocessing\pool.py", line 774, in get
2025-10-09 10:52:31,358 [ERROR]       raise self._value
2025-10-09 10:52:31,358 [ERROR]   ValueError: Params.size: 1, required angles: 48.0
2025-10-09 12:16:23,615 [INFO]  BEAST MODE HPC LOGGING ATTIVO (UTF-8)
2025-10-09 12:16:23,615 [INFO]  BEAST MODE HPC TRAINING STARTED
2025-10-09 12:16:23,616 [INFO]  Workers: 11/12 (CPU_COUNT)
2025-10-09 12:16:23,616 [INFO]  AVVIO TRAINING BEAST MODE
2025-10-09 12:16:23,616 [INFO]    Workers: 2/12 (fonte: CPU_COUNT)
2025-10-09 12:16:23,617 [INFO]  ENCODING COMPLETATO - 2 frasi totali
2025-10-09 12:16:23,621 [INFO]  Xavier initialization completata (std=0.2887)
2025-10-09 12:16:23,621 [INFO]    Totale parametri: 960
2025-10-09 12:16:23,622 [INFO]  INIZIO TRAINING per 10 epoche
2025-10-09 12:16:30,400 [ERROR]  ERRORE CRITICO DURANTE IL TRAINING
2025-10-09 12:16:30,400 [ERROR] Tipo: ValueError
2025-10-09 12:16:30,401 [ERROR] Messaggio: Params.size: 1, required angles: 48.0
2025-10-09 12:16:30,403 [ERROR]   multiprocessing.pool.RemoteTraceback: 
2025-10-09 12:16:30,403 [ERROR]   """
2025-10-09 12:16:30,404 [ERROR]   Traceback (most recent call last):
2025-10-09 12:16:30,404 [ERROR]     File "C:\Python313\Lib\multiprocessing\pool.py", line 125, in worker
2025-10-09 12:16:30,404 [ERROR]       result = (True, func(*args, **kwds))
2025-10-09 12:16:30,405 [ERROR]                       ~~~~^^^^^^^^^^^^^^^
2025-10-09 12:16:30,405 [ERROR]     File "C:\Python313\Lib\multiprocessing\pool.py", line 48, in mapstar
2025-10-09 12:16:30,406 [ERROR]       return list(map(*args))
2025-10-09 12:16:30,406 [ERROR]     File "C:\Users\Ale\Desktop\progetti\FIN - QT\main_hpc.py", line 114, in process_single_sentence
2025-10-09 12:16:30,406 [ERROR]       loss = builder.create_generalized_circuit(
2025-10-09 12:16:30,407 [ERROR]           psi=states_calculated,
2025-10-09 12:16:30,407 [ERROR]       ...<4 lines>...
2025-10-09 12:16:30,407 [ERROR]           num_layers=num_layers
2025-10-09 12:16:30,407 [ERROR]       )
2025-10-09 12:16:30,407 [ERROR]     File "C:\Users\Ale\Desktop\progetti\FIN - QT\generalized_quantum_circuits.py", line 92, in create_generalized_circuit
2025-10-09 12:16:30,408 [ERROR]       ansatz_v = AnsatzBuilder(self.n_target_qubits, params_v, num_layers)
2025-10-09 12:16:30,408 [ERROR]     File "C:\Users\Ale\Desktop\progetti\FIN - QT\layer.py", line 27, in __init__
2025-10-09 12:16:30,408 [ERROR]       self.add_layer(params[layer_idx][0], params[layer_idx][1])
2025-10-09 12:16:30,409 [ERROR]       ~~~~~~~~~~~~~~^^^^^^^^^^^^^^^^^^^^^^^^^^^^^^^^^^^^^^^^^^^^
2025-10-09 12:16:30,409 [ERROR]     File "C:\Users\Ale\Desktop\progetti\FIN - QT\layer.py", line 52, in add_layer
2025-10-09 12:16:30,409 [ERROR]       raise ValueError(f"Params.size: {params.size}, required angles: {self.num_angles_required_for_layer() / 2}")
2025-10-09 12:16:30,409 [ERROR]   ValueError: Params.size: 1, required angles: 48.0
2025-10-09 12:16:30,410 [ERROR]   """
2025-10-09 12:16:30,410 [ERROR]   
2025-10-09 12:16:30,410 [ERROR]   The above exception was the direct cause of the following exception:
2025-10-09 12:16:30,411 [ERROR]   
2025-10-09 12:16:30,411 [ERROR]   Traceback (most recent call last):
2025-10-09 12:16:30,411 [ERROR]     File "C:\Users\Ale\Desktop\progetti\FIN - QT\main_hpc.py", line 245, in main
2025-10-09 12:16:30,411 [ERROR]       train_with_beast_mode_parallelization(logger)
2025-10-09 12:16:30,412 [ERROR]       ~~~~~~~~~~~~~~~~~~~~~~~~~~~~~~~~~~~~~^^^^^^^^
2025-10-09 12:16:30,412 [ERROR]     File "C:\Users\Ale\Desktop\progetti\FIN - QT\main_hpc.py", line 190, in train_with_beast_mode_parallelization
2025-10-09 12:16:30,412 [ERROR]       losses = pool.map(process_single_sentence, tasks)
2025-10-09 12:16:30,412 [ERROR]     File "C:\Python313\Lib\multiprocessing\pool.py", line 367, in map
2025-10-09 12:16:30,413 [ERROR]       return self._map_async(func, iterable, mapstar, chunksize).get()
2025-10-09 12:16:30,413 [ERROR]              ~~~~~~~~~~~~~~~~~~~~~~~~~~~~~~~~~~~~~~~~~~~~~~~~~~~~~~~^^
2025-10-09 12:16:30,413 [ERROR]     File "C:\Python313\Lib\multiprocessing\pool.py", line 774, in get
2025-10-09 12:16:30,414 [ERROR]       raise self._value
2025-10-09 12:16:30,414 [ERROR]   ValueError: Params.size: 1, required angles: 48.0
2025-10-09 13:40:26,091 [INFO]  BEAST MODE HPC LOGGING ATTIVO (UTF-8)
2025-10-09 13:40:26,091 [INFO]  BEAST MODE HPC TRAINING STARTED
2025-10-09 13:40:26,092 [INFO]  Workers: 11/12 (CPU_COUNT)
2025-10-09 13:40:26,092 [INFO]  AVVIO TRAINING BEAST MODE
2025-10-09 13:40:26,092 [INFO]    Workers: 2/12 (fonte: CPU_COUNT)
2025-10-09 13:40:26,093 [INFO]  ENCODING COMPLETATO - 2 frasi totali
2025-10-09 13:40:26,098 [INFO]  Xavier initialization completata (std=0.2887)
2025-10-09 13:40:26,099 [INFO]    Totale parametri: 960
2025-10-09 13:40:26,100 [INFO]  INIZIO TRAINING per 10 epoche
2025-10-09 13:40:30,941 [ERROR]  ERRORE CRITICO DURANTE IL TRAINING
2025-10-09 13:40:30,942 [ERROR] Tipo: AttributeError
2025-10-09 13:40:30,942 [ERROR] Messaggio: 'AnsatzBuilder' object has no attribute 'add_layer'
2025-10-09 13:40:31,008 [ERROR]   multiprocessing.pool.RemoteTraceback: 
2025-10-09 13:40:31,008 [ERROR]   """
2025-10-09 13:40:31,008 [ERROR]   Traceback (most recent call last):
2025-10-09 13:40:31,009 [ERROR]     File "C:\Python313\Lib\multiprocessing\pool.py", line 125, in worker
2025-10-09 13:40:31,009 [ERROR]       result = (True, func(*args, **kwds))
2025-10-09 13:40:31,010 [ERROR]                       ~~~~^^^^^^^^^^^^^^^
2025-10-09 13:40:31,010 [ERROR]     File "C:\Python313\Lib\multiprocessing\pool.py", line 48, in mapstar
2025-10-09 13:40:31,010 [ERROR]       return list(map(*args))
2025-10-09 13:40:31,010 [ERROR]     File "C:\Users\Ale\Desktop\progetti\FIN - QT\main_hpc.py", line 191, in process_single_sentence
2025-10-09 13:40:31,011 [ERROR]       loss = builder.create_generalized_circuit(
2025-10-09 13:40:31,011 [ERROR]           psi=states_calculated,
2025-10-09 13:40:31,011 [ERROR]       ...<4 lines>...
2025-10-09 13:40:31,012 [ERROR]           num_layers=num_layers
2025-10-09 13:40:31,012 [ERROR]       )
2025-10-09 13:40:31,012 [ERROR]     File "C:\Users\Ale\Desktop\progetti\FIN - QT\generalized_quantum_circuits.py", line 92, in create_generalized_circuit
2025-10-09 13:40:31,013 [ERROR]       ansatz_v = AnsatzBuilder(self.n_target_qubits, params_v, num_layers)
2025-10-09 13:40:31,013 [ERROR]     File "C:\Users\Ale\Desktop\progetti\FIN - QT\layer.py", line 28, in __init__
2025-10-09 13:40:31,014 [ERROR]       self.add_layer(params[layer_idx][0], params[layer_idx][1])
2025-10-09 13:40:31,014 [ERROR]       ^^^^^^^^^^^^^^
2025-10-09 13:40:31,015 [ERROR]   AttributeError: 'AnsatzBuilder' object has no attribute 'add_layer'
2025-10-09 13:40:31,015 [ERROR]   """
2025-10-09 13:40:31,015 [ERROR]   
2025-10-09 13:40:31,016 [ERROR]   The above exception was the direct cause of the following exception:
2025-10-09 13:40:31,016 [ERROR]   
2025-10-09 13:40:31,017 [ERROR]   Traceback (most recent call last):
2025-10-09 13:40:31,017 [ERROR]     File "C:\Users\Ale\Desktop\progetti\FIN - QT\main_hpc.py", line 348, in main
2025-10-09 13:40:31,017 [ERROR]       train_with_beast_mode_parallelization(logger)
2025-10-09 13:40:31,018 [ERROR]       ~~~~~~~~~~~~~~~~~~~~~~~~~~~~~~~~~~~~~^^^^^^^^
2025-10-09 13:40:31,018 [ERROR]     File "C:\Users\Ale\Desktop\progetti\FIN - QT\main_hpc.py", line 284, in train_with_beast_mode_parallelization
2025-10-09 13:40:31,019 [ERROR]       res = minimize(
2025-10-09 13:40:31,019 [ERROR]           fun=objective,
2025-10-09 13:40:31,019 [ERROR]       ...<3 lines>...
2025-10-09 13:40:31,020 [ERROR]           options={"maxiter": MAXITER_PER_RUN, "rhobeg": RHO_BEG, "tol": TOL},
2025-10-09 13:40:31,020 [ERROR]       )
2025-10-09 13:40:31,021 [ERROR]     File "C:\Users\Ale\AppData\Roaming\Python\Python313\site-packages\scipy\optimize\_minimize.py", line 790, in minimize
2025-10-09 13:40:31,021 [ERROR]       res = _minimize_cobyla(fun, x0, args, constraints, callback=callback,
2025-10-09 13:40:31,022 [ERROR]                              bounds=bounds, **options)
2025-10-09 13:40:31,022 [ERROR]     File "C:\Users\Ale\AppData\Roaming\Python\Python313\site-packages\scipy\optimize\_cobyla_py.py", line 246, in _minimize_cobyla
2025-10-09 13:40:31,023 [ERROR]       sf = _prepare_scalar_function(fun, x0, args=args, jac=_jac)
2025-10-09 13:40:31,023 [ERROR]     File "C:\Users\Ale\AppData\Roaming\Python\Python313\site-packages\scipy\optimize\_optimize.py", line 310, in _prepare_scalar_function
2025-10-09 13:40:31,023 [ERROR]       sf = ScalarFunction(fun, x0, args, grad, hess,
2025-10-09 13:40:31,024 [ERROR]                           finite_diff_rel_step, bounds, epsilon=epsilon,
2025-10-09 13:40:31,024 [ERROR]                           workers=workers)
2025-10-09 13:40:31,025 [ERROR]     File "C:\Users\Ale\AppData\Roaming\Python\Python313\site-packages\scipy\optimize\_differentiable_functions.py", line 274, in __init__
2025-10-09 13:40:31,025 [ERROR]       self._update_fun()
2025-10-09 13:40:31,026 [ERROR]       ~~~~~~~~~~~~~~~~^^
2025-10-09 13:40:31,026 [ERROR]     File "C:\Users\Ale\AppData\Roaming\Python\Python313\site-packages\scipy\optimize\_differentiable_functions.py", line 353, in _update_fun
2025-10-09 13:40:31,026 [ERROR]       fx = self._wrapped_fun(self.x)
2025-10-09 13:40:31,027 [ERROR]     File "C:\Users\Ale\AppData\Roaming\Python\Python313\site-packages\scipy\_lib\_util.py", line 590, in __call__
2025-10-09 13:40:31,027 [ERROR]       fx = self.f(np.copy(x), *self.args)
2025-10-09 13:40:31,028 [ERROR]     File "C:\Users\Ale\Desktop\progetti\FIN - QT\main_hpc.py", line 58, in cobyla_objective
2025-10-09 13:40:31,028 [ERROR]       loss = process_all_sentences(
2025-10-09 13:40:31,029 [ERROR]           params_native,
2025-10-09 13:40:31,029 [ERROR]       ...<4 lines>...
2025-10-09 13:40:31,030 [ERROR]           process_single_sentence
2025-10-09 13:40:31,031 [ERROR]       )
2025-10-09 13:40:31,031 [ERROR]     File "C:\Users\Ale\Desktop\progetti\FIN - QT\main_hpc.py", line 99, in process_all_sentences
2025-10-09 13:40:31,032 [ERROR]       losses = pool.map(process_single_sentence, tasks)
2025-10-09 13:40:31,033 [ERROR]     File "C:\Python313\Lib\multiprocessing\pool.py", line 367, in map
2025-10-09 13:40:31,033 [ERROR]       return self._map_async(func, iterable, mapstar, chunksize).get()
2025-10-09 13:40:31,034 [ERROR]              ~~~~~~~~~~~~~~~~~~~~~~~~~~~~~~~~~~~~~~~~~~~~~~~~~~~~~~~^^
2025-10-09 13:40:31,034 [ERROR]     File "C:\Python313\Lib\multiprocessing\pool.py", line 774, in get
2025-10-09 13:40:31,035 [ERROR]       raise self._value
2025-10-09 13:40:31,035 [ERROR]   AttributeError: 'AnsatzBuilder' object has no attribute 'add_layer'
2025-10-09 13:45:59,728 [INFO]  BEAST MODE HPC LOGGING ATTIVO (UTF-8)
2025-10-09 13:45:59,728 [INFO]  BEAST MODE HPC TRAINING STARTED
2025-10-09 13:45:59,729 [INFO]  Workers: 11/12 (CPU_COUNT)
2025-10-09 13:45:59,730 [INFO]  AVVIO TRAINING BEAST MODE
2025-10-09 13:45:59,730 [INFO]    Workers: 2/12 (fonte: CPU_COUNT)
2025-10-09 13:45:59,731 [INFO]  ENCODING COMPLETATO - 2 frasi totali
2025-10-09 13:45:59,734 [INFO]  Xavier initialization completata (std=0.2887)
2025-10-09 13:45:59,735 [INFO]    Totale parametri: 960
2025-10-09 13:45:59,735 [INFO]  INIZIO TRAINING per 10 epoche
